******************************************************************************
                  TI ARM Linker Unix v18.1.2                   
******************************************************************************
>> Linked Sat Jun 30 13:03:08 2018

OUTPUT FILE NAME:   <timers.out>
ENTRY POINT SYMBOL: "_c_int00_noargs"  address: 0000151d


MEMORY CONFIGURATION

         name            origin    length      used     unused   attr    fill
----------------------  --------  ---------  --------  --------  ----  --------
  FLASH                 00000000   00040000  00001a40  0003e5c0  R  X
  SRAM                  20000000   00008000  00000171  00007e8f  RW X


SEGMENT ALLOCATION MAP

run origin  load origin   length   init length attrs members
----------  ----------- ---------- ----------- ----- -------
00000000    00000000    00001a40   00001a40    r-x
  00000000    00000000    0000026c   0000026c    r-- .intvecs
  0000026c    0000026c    00001610   00001610    r-x .text
  0000187c    0000187c    00000184   00000184    r-- .const
  00001a00    00001a00    00000040   00000040    r-- .cinit
20000000    20000000    00000174   00000000    rw-
  20000000    20000000    00000100   00000000    rw- .stack
  20000100    20000100    00000039   00000000    rw- .data
  2000013c    2000013c    00000038   00000000    rw- .bss


SECTION ALLOCATION MAP

 output                                  attributes/
section   page    origin      length       input sections
--------  ----  ----------  ----------   ----------------
.intvecs   0    00000000    0000026c     
                  00000000    0000026c     startup_ccs.obj (.intvecs)

.text      0    0000026c    00001610     
                  0000026c    00000218     System.obj (.text:cfg_uart)
                  00000484    000001ea     uartstdio.obj (.text:UARTvprintf)
                  0000066e    00000002     startup_ccs.obj (.text:FaultISR)
                  00000670    000001e0     System.obj (.text:cfg_pwm)
                  00000850    000001c8     System.obj (.text:cfg_timer)
                  00000a18    00000132     driverlib.lib : gpio.obj (.text:GPIOPadConfigSet)
                  00000b4a    00000002     startup_ccs.obj (.text:IntDefaultHandler)
                  00000b4c    00000124     PIDPosistion.obj (.text:PIDPos)
                  00000c70    00000110     driverlib.lib : sysctl.obj (.text:SysCtlClockGet)
                  00000d80    000000e8     System.obj (.text:cfg_peripheral)
                  00000e68    000000c0     System.obj (.text:cfg_qei)
                  00000f28    0000009c     rtsv7M4_T_le_v4SPD16_eabi.lib : memcpy_t2.asm.obj (.text)
                  00000fc4    00000094     main.obj (.text:PortDIntHandler)
                  00001058    00000094     System.obj (.text:cfg_port)
                  000010ec    00000090     main.obj (.text:PortFIntHandler)
                  0000117c    00000070     PIDPosistion.obj (.text:MotorController)
                  000011ec    00000068     driverlib.lib : interrupt.obj (.text:IntEnable)
                  00001254    00000068     rtsv7M4_T_le_v4SPD16_eabi.lib : copy_decompress_lzss.c.obj (.text:decompress:lzss:__TI_decompress_lzss)
                  000012bc    00000060     uartstdio.obj (.text:UARTStdioConfig)
                  0000131c    00000056     driverlib.lib : gpio.obj (.text:GPIOIntTypeSet)
                  00001372    00000002     startup_ccs.obj (.text:NmiSR)
                  00001374    00000050     System.obj (.text:cfg_interrupt)
                  000013c4    00000048     driverlib.lib : gpio.obj (.text:GPIOPinConfigure)
                  0000140c    00000048     uartstdio.obj (.text:UARTwrite)
                  00001454    00000044     rtsv7M4_T_le_v4SPD16_eabi.lib : autoinit.c.obj (.text:__TI_auto_init_nobinit_nopinit:__TI_auto_init_nobinit_nopinit)
                  00001498    00000044     System.obj (.text:init)
                  000014dc    00000040     rtsv7M4_T_le_v4SPD16_eabi.lib : u_divt2.asm.obj (.text)
                  0000151c    00000038                                   : boot_cortex_m.c.obj (.text:_c_int00_noargs:_c_int00_noargs)
                  00001554    00000030     main.obj (.text:Timer0IntHandler)
                  00001584    00000030     main.obj (.text:main)
                  000015b4    0000002a     driverlib.lib : gpio.obj (.text:GPIODirModeSet)
                  000015de    00000022                   : pwm.obj (.text:PWMGenConfigure)
                  00001600    00000020     main.obj (.text:SysTickIntHandler)
                  00001620    0000001e     driverlib.lib : pwm.obj (.text:PWMPulseWidthSet)
                  0000163e    00000002     rtsv7M4_T_le_v4SPD16_eabi.lib : div0.asm.obj (.text)
                  00001640    0000001c     main.obj (.text:Timer1IntHandler)
                  0000165c    0000001c     main.obj (.text:Timer2IntHandler)
                  00001678    0000001c     main.obj (.text:Timer3IntHandler)
                  00001694    0000001c     main.obj (.text:Timer4IntHandler)
                  000016b0    0000001c     main.obj (.text:Timer5IntHandler)
                  000016cc    0000001a     uartstdio.obj (.text:UARTprintf)
                  000016e6    00000018     driverlib.lib : gpio.obj (.text:GPIOPinTypeGPIOOutput)
                  000016fe    00000002     --HOLE-- [fill = 0]
                  00001700    00000018     System.obj (.text:cfg_clock)
                  00001718    00000016     System.obj (.text:cfg_systick)
                  0000172e    00000002     --HOLE-- [fill = 0]
                  00001730    00000014     driverlib.lib : systick.obj (.text:SysTickEnable)
                  00001744    00000014                   : systick.obj (.text:SysTickIntEnable)
                  00001758    00000012                   : gpio.obj (.text:GPIOPinTypePWM)
                  0000176a    00000012                   : gpio.obj (.text:GPIOPinTypeQEI)
                  0000177c    00000012                   : pwm.obj (.text:PWMOutputState)
                  0000178e    00000012     rtsv7M4_T_le_v4SPD16_eabi.lib : copy_zero_init.c.obj (.text:decompress:ZI:__TI_zero_init_nomemset:__TI_zero_init_nomemset)
                  000017a0    00000010     driverlib.lib : pwm.obj (.text:PWMGenPeriodSet)
                  000017b0    00000010                   : qei.obj (.text:QEIVelocityConfigure)
                  000017c0    00000010                   : systick.obj (.text:SysTickPeriodSet)
                  000017d0    0000000e                   : gpio.obj (.text:GPIOIntStatus)
                  000017de    0000000e                   : qei.obj (.text:QEIConfigure)
                  000017ec    0000000e     rtsv7M4_T_le_v4SPD16_eabi.lib : copy_decompress_none.c.obj (.text:decompress:none:__TI_decompress_none)
                  000017fa    0000000c     driverlib.lib : gpio.obj (.text:GPIOIntEnable)
                  00001806    0000000c                   : pwm.obj (.text:PWMGenEnable)
                  00001812    00000002     --HOLE-- [fill = 0]
                  00001814    0000000c     main.obj (.text:UART0IntHandler)
                  00001820    0000000a     driverlib.lib : qei.obj (.text:QEIDisable)
                  0000182a    0000000a                   : qei.obj (.text:QEIEnable)
                  00001834    0000000a                   : qei.obj (.text:QEIVelocityEnable)
                  0000183e    00000006                   : gpio.obj (.text:GPIOIntClear)
                  00001844    00000006                   : gpio.obj (.text:GPIOPinRead)
                  0000184a    00000006                   : gpio.obj (.text:GPIOPinWrite)
                  00001850    00000006     startup_ccs.obj (.text:ResetISR)
                  00001856    00000006     driverlib.lib : sysctl.obj (.text:SysCtlDelay)
                  0000185c    00000006                   : timer.obj (.text:TimerClockSourceSet)
                  00001862    00000006                   : uart.obj (.text:UARTClockSourceSet)
                  00001868    00000004                   : qei.obj (.text:QEIPositionGet)
                  0000186c    00000004                   : qei.obj (.text:QEIPositionSet)
                  00001870    00000004                   : uart.obj (.text:UARTIntClear)
                  00001874    00000004     rtsv7M4_T_le_v4SPD16_eabi.lib : pre_init.c.obj (.text:_system_pre_init)
                  00001878    00000004                                   : exit.c.obj (.text:abort:abort)

.const     0    0000187c    00000184     
                  0000187c    00000090     driverlib.lib : gpio.obj (.const:g_pui32GPIOBaseAddrs)
                  0000190c    00000070                   : interrupt.obj (.const)
                  0000197c    0000006c                   : sysctl.obj (.const:g_pui32Xtals)
                  000019e8    0000000c     uartstdio.obj (.const:g_ui32UARTBase)
                  000019f4    0000000c     uartstdio.obj (.const:g_ui32UARTPeriph)

.cinit     0    00001a00    00000040     
                  00001a00    0000001b     (.cinit..data.load) [load image, compression = lzss]
                  00001a1b    00000001     --HOLE-- [fill = 0]
                  00001a1c    0000000c     (__TI_handler_table)
                  00001a28    00000008     (.cinit..bss.load) [load image, compression = zero_init]
                  00001a30    00000010     (__TI_cinit_table)

.init_array 
*          0    00000000    00000000     UNINITIALIZED

.data      0    20000100    00000039     UNINITIALIZED
                  20000100    0000001c     main.obj (.data)
                  2000011c    00000018     PIDPosistion.obj (.data)
                  20000134    00000005     uartstdio.obj (.data)

.bss       0    2000013c    00000038     UNINITIALIZED
                  2000013c    00000004     (.common:Err_l)
                  20000140    00000004     (.common:Err_r)
                  20000144    00000004     (.common:dPart_l)
                  20000148    00000004     (.common:dPart_r)
                  2000014c    00000004     (.common:iPart_l)
                  20000150    00000004     (.common:iPart_r)
                  20000154    00000004     (.common:output_l)
                  20000158    00000004     (.common:output_r)
                  2000015c    00000004     (.common:pPart_l)
                  20000160    00000004     (.common:pPart_r)
                  20000164    00000004     (.common:pre_err_l)
                  20000168    00000004     (.common:pre_err_r)
                  2000016c    00000004     (.common:rPos_l)
                  20000170    00000004     (.common:rPos_r)

.stack     0    20000000    00000100     UNINITIALIZED
                  20000000    00000004     rtsv7M4_T_le_v4SPD16_eabi.lib : boot_cortex_m.c.obj (.stack)
                  20000004    000000fc     --HOLE--

MODULE SUMMARY

       Module                       code   ro data   rw data
       ------                       ----   -------   -------
    ./
       System.obj                   2238   0         0      
       startup_ccs.obj              12     620       0      
       main.obj                     572    0         28     
       PIDPosistion.obj             404    0         80     
    +--+----------------------------+------+---------+---------+
       Total:                       3226   620       108    
                                                            
    ./utils/
       uartstdio.obj                684    24        5      
    +--+----------------------------+------+---------+---------+
       Total:                       684    24        5      
                                                            
    /home/sdev/ti/SW-TM4C-2.1.4.178/driverlib/ccs/Debug/driverlib.lib
       gpio.obj                     610    144       0      
       sysctl.obj                   278    108       0      
       interrupt.obj                104    112       0      
       pwm.obj                      110    0         0      
       qei.obj                      68     0         0      
       systick.obj                  56     0         0      
       uart.obj                     10     0         0      
       timer.obj                    6      0         0      
    +--+----------------------------+------+---------+---------+
       Total:                       1242   364       0      
                                                            
    /home/sdev/ti/ccsv8/tools/compiler/ti-cgt-arm_18.1.2.LTS/lib/rtsv7M4_T_le_v4SPD16_eabi.lib
       memcpy_t2.asm.obj            156    0         0      
       copy_decompress_lzss.c.obj   104    0         0      
       autoinit.c.obj               68     0         0      
       u_divt2.asm.obj              64     0         0      
       boot_cortex_m.c.obj          56     0         0      
       copy_zero_init.c.obj         18     0         0      
       copy_decompress_none.c.obj   14     0         0      
       exit.c.obj                   4      0         0      
       pre_init.c.obj               4      0         0      
       div0.asm.obj                 2      0         0      
    +--+----------------------------+------+---------+---------+
       Total:                       490    0         0      
                                                            
       Stack:                       0      0         256    
       Linker Generated:            0      63        0      
    +--+----------------------------+------+---------+---------+
       Grand Total:                 5642   1071      369    


LINKER GENERATED COPY TABLES

__TI_cinit_table @ 00001a30 records: 2, size/record: 8, table size: 16
	.data: load addr=00001a00, load size=0000001b bytes, run addr=20000100, run size=00000039 bytes, compression=lzss
	.bss: load addr=00001a28, load size=00000008 bytes, run addr=2000013c, run size=00000038 bytes, compression=zero_init


LINKER GENERATED HANDLER TABLE

__TI_handler_table @ 00001a1c records: 3, size/record: 4, table size: 12
	index: 0, handler: __TI_decompress_lzss
	index: 1, handler: __TI_decompress_none
	index: 2, handler: __TI_zero_init


GLOBAL SYMBOLS: SORTED ALPHABETICALLY BY Name 

address   name                          
-------   ----                          
00001879  C$$EXIT                       
2000013c  Err_l                         
20000140  Err_r                         
000015b5  GPIODirModeSet                
0000183f  GPIOIntClear                  
000017fb  GPIOIntEnable                 
000017d1  GPIOIntStatus                 
0000131d  GPIOIntTypeSet                
00000a19  GPIOPadConfigSet              
000013c5  GPIOPinConfigure              
00001845  GPIOPinRead                   
000016e7  GPIOPinTypeGPIOOutput         
00001759  GPIOPinTypePWM                
0000176b  GPIOPinTypeQEI                
0000184b  GPIOPinWrite                  
000011ed  IntEnable                     
0000117d  MotorController               
00000b4d  PIDPos                        
000015df  PWMGenConfigure               
00001807  PWMGenEnable                  
000017a1  PWMGenPeriodSet               
0000177d  PWMOutputState                
00001621  PWMPulseWidthSet              
00000fc5  PortDIntHandler               
000010ed  PortFIntHandler               
000017df  QEIConfigure                  
00001821  QEIDisable                    
0000182b  QEIEnable                     
00001869  QEIPositionGet                
0000186d  QEIPositionSet                
000017b1  QEIVelocityConfigure          
00001835  QEIVelocityEnable             
00001851  ResetISR                      
00000c71  SysCtlClockGet                
00001857  SysCtlDelay                   
00001731  SysTickEnable                 
00001745  SysTickIntEnable              
00001601  SysTickIntHandler             
000017c1  SysTickPeriodSet              
00001555  Timer0IntHandler              
00001641  Timer1IntHandler              
0000165d  Timer2IntHandler              
00001679  Timer3IntHandler              
00001695  Timer4IntHandler              
000016b1  Timer5IntHandler              
0000185d  TimerClockSourceSet           
00001815  UART0IntHandler               
00001863  UARTClockSourceSet            
00001871  UARTIntClear                  
000012bd  UARTStdioConfig               
000016cd  UARTprintf                    
00000485  UARTvprintf                   
0000140d  UARTwrite                     
20000100  __STACK_END                   
00000100  __STACK_SIZE                  
20000100  __STACK_TOP                   
00001a30  __TI_CINIT_Base               
00001a40  __TI_CINIT_Limit              
00001a1c  __TI_Handler_Table_Base       
00001a28  __TI_Handler_Table_Limit      
00001455  __TI_auto_init_nobinit_nopinit
00001255  __TI_decompress_lzss          
000017ed  __TI_decompress_none          
ffffffff  __TI_pprof_out_hndl           
ffffffff  __TI_prof_data_size           
ffffffff  __TI_prof_data_start          
00000000  __TI_static_base__            
0000178f  __TI_zero_init_nomemset       
0000163f  __aeabi_idiv0                 
0000163f  __aeabi_ldiv0                 
00000f29  __aeabi_memcpy                
00000f29  __aeabi_memcpy4               
00000f29  __aeabi_memcpy8               
000014dd  __aeabi_uidiv                 
000014dd  __aeabi_uidivmod              
ffffffff  __binit__                     
ffffffff  __c_args__                    
UNDEFED   __mpu_init                    
20000000  __stack                       
0000151d  _c_int00_noargs               
UNDEFED   _system_post_cinit            
00001875  _system_pre_init              
00001879  abort                         
ffffffff  binit                         
00001701  cfg_clock                     
00001375  cfg_interrupt                 
00000d81  cfg_peripheral                
00001059  cfg_port                      
00000671  cfg_pwm                       
00000e69  cfg_qei                       
00001719  cfg_systick                   
00000851  cfg_timer                     
0000026d  cfg_uart                      
20000108  count                         
20000144  dPart_l                       
20000148  dPart_r                       
2000010c  dk0                           
20000110  dk1                           
00000000  g_pfnVectors                  
2000014c  iPart_l                       
20000150  iPart_r                       
00001499  init                          
20000124  kd_l                          
20000130  kd_r                          
20000120  ki_l                          
2000012c  ki_r                          
2000011c  kp_l                          
20000128  kp_r                          
00001585  main                          
00000f29  memcpy                        
20000118  mode                          
20000114  mycount                       
20000154  output_l                      
20000158  output_r                      
2000015c  pPart_l                       
20000160  pPart_r                       
20000100  pol                           
20000104  por                           
20000164  pre_err_l                     
20000168  pre_err_r                     
2000016c  rPos_l                        
20000170  rPos_r                        


GLOBAL SYMBOLS: SORTED BY Symbol Address 

address   name                          
-------   ----                          
00000000  __TI_static_base__            
00000000  g_pfnVectors                  
00000100  __STACK_SIZE                  
0000026d  cfg_uart                      
00000485  UARTvprintf                   
00000671  cfg_pwm                       
00000851  cfg_timer                     
00000a19  GPIOPadConfigSet              
00000b4d  PIDPos                        
00000c71  SysCtlClockGet                
00000d81  cfg_peripheral                
00000e69  cfg_qei                       
00000f29  __aeabi_memcpy                
00000f29  __aeabi_memcpy4               
00000f29  __aeabi_memcpy8               
00000f29  memcpy                        
00000fc5  PortDIntHandler               
00001059  cfg_port                      
000010ed  PortFIntHandler               
0000117d  MotorController               
000011ed  IntEnable                     
00001255  __TI_decompress_lzss          
000012bd  UARTStdioConfig               
0000131d  GPIOIntTypeSet                
00001375  cfg_interrupt                 
000013c5  GPIOPinConfigure              
0000140d  UARTwrite                     
00001455  __TI_auto_init_nobinit_nopinit
00001499  init                          
000014dd  __aeabi_uidiv                 
000014dd  __aeabi_uidivmod              
0000151d  _c_int00_noargs               
00001555  Timer0IntHandler              
00001585  main                          
000015b5  GPIODirModeSet                
000015df  PWMGenConfigure               
00001601  SysTickIntHandler             
00001621  PWMPulseWidthSet              
0000163f  __aeabi_idiv0                 
0000163f  __aeabi_ldiv0                 
00001641  Timer1IntHandler              
0000165d  Timer2IntHandler              
00001679  Timer3IntHandler              
00001695  Timer4IntHandler              
000016b1  Timer5IntHandler              
000016cd  UARTprintf                    
000016e7  GPIOPinTypeGPIOOutput         
00001701  cfg_clock                     
00001719  cfg_systick                   
00001731  SysTickEnable                 
00001745  SysTickIntEnable              
00001759  GPIOPinTypePWM                
0000176b  GPIOPinTypeQEI                
0000177d  PWMOutputState                
0000178f  __TI_zero_init_nomemset       
000017a1  PWMGenPeriodSet               
000017b1  QEIVelocityConfigure          
000017c1  SysTickPeriodSet              
000017d1  GPIOIntStatus                 
000017df  QEIConfigure                  
000017ed  __TI_decompress_none          
000017fb  GPIOIntEnable                 
00001807  PWMGenEnable                  
00001815  UART0IntHandler               
00001821  QEIDisable                    
0000182b  QEIEnable                     
00001835  QEIVelocityEnable             
0000183f  GPIOIntClear                  
00001845  GPIOPinRead                   
0000184b  GPIOPinWrite                  
00001851  ResetISR                      
00001857  SysCtlDelay                   
0000185d  TimerClockSourceSet           
00001863  UARTClockSourceSet            
00001869  QEIPositionGet                
0000186d  QEIPositionSet                
00001871  UARTIntClear                  
00001875  _system_pre_init              
00001879  C$$EXIT                       
00001879  abort                         
00001a1c  __TI_Handler_Table_Base       
00001a28  __TI_Handler_Table_Limit      
00001a30  __TI_CINIT_Base               
00001a40  __TI_CINIT_Limit              
20000000  __stack                       
20000100  __STACK_END                   
20000100  __STACK_TOP                   
20000100  pol                           
20000104  por                           
20000108  count                         
2000010c  dk0                           
20000110  dk1                           
20000114  mycount                       
20000118  mode                          
2000011c  kp_l                          
20000120  ki_l                          
20000124  kd_l                          
20000128  kp_r                          
2000012c  ki_r                          
20000130  kd_r                          
2000013c  Err_l                         
20000140  Err_r                         
20000144  dPart_l                       
20000148  dPart_r                       
2000014c  iPart_l                       
20000150  iPart_r                       
20000154  output_l                      
20000158  output_r                      
2000015c  pPart_l                       
20000160  pPart_r                       
20000164  pre_err_l                     
20000168  pre_err_r                     
2000016c  rPos_l                        
20000170  rPos_r                        
ffffffff  __TI_pprof_out_hndl           
ffffffff  __TI_prof_data_size           
ffffffff  __TI_prof_data_start          
ffffffff  __binit__                     
ffffffff  __c_args__                    
ffffffff  binit                         
UNDEFED   __mpu_init                    
UNDEFED   _system_post_cinit            

[122 symbols]
