<?xml version="1.0" encoding="ISO-8859-1" ?>
<link_info>
   <banner>TI ARM Linker Unix v18.1.2.LTS</banner>
   <copyright>Copyright (c) 1996-2017 Texas Instruments Incorporated</copyright>
   <link_time>0x5b371d1c</link_time>
   <link_errors>0x0</link_errors>
   <output_file>timers.out</output_file>
   <entry_point>
      <name>_c_int00_noargs</name>
      <address>0x151d</address>
   </entry_point>
   <input_file_list>
      <input_file id="fl-1">
         <path>./</path>
         <kind>object</kind>
         <file>PIDPosistion.obj</file>
         <name>PIDPosistion.obj</name>
      </input_file>
      <input_file id="fl-2">
         <path>./</path>
         <kind>object</kind>
         <file>System.obj</file>
         <name>System.obj</name>
      </input_file>
      <input_file id="fl-3">
         <path>./</path>
         <kind>object</kind>
         <file>main.obj</file>
         <name>main.obj</name>
      </input_file>
      <input_file id="fl-4">
         <path>./</path>
         <kind>object</kind>
         <file>startup_ccs.obj</file>
         <name>startup_ccs.obj</name>
      </input_file>
      <input_file id="fl-5">
         <path>./utils/</path>
         <kind>object</kind>
         <file>uartstdio.obj</file>
         <name>uartstdio.obj</name>
      </input_file>
      <input_file id="fl-a">
         <kind>object</kind>
         <file>&lt;internal&gt;</file>
         <name>&lt;internal&gt;</name>
      </input_file>
      <input_file id="fl-c0">
         <path>/home/sdev/ti/ccsv8/tools/compiler/ti-cgt-arm_18.1.2.LTS/lib/</path>
         <kind>archive</kind>
         <file>rtsv7M4_T_le_v4SPD16_eabi.lib</file>
         <name>u_divt2.asm.obj</name>
      </input_file>
      <input_file id="fl-c1">
         <path>/home/sdev/ti/ccsv8/tools/compiler/ti-cgt-arm_18.1.2.LTS/lib/</path>
         <kind>archive</kind>
         <file>rtsv7M4_T_le_v4SPD16_eabi.lib</file>
         <name>copy_zero_init.c.obj</name>
      </input_file>
      <input_file id="fl-c2">
         <path>/home/sdev/ti/ccsv8/tools/compiler/ti-cgt-arm_18.1.2.LTS/lib/</path>
         <kind>archive</kind>
         <file>rtsv7M4_T_le_v4SPD16_eabi.lib</file>
         <name>copy_decompress_none.c.obj</name>
      </input_file>
      <input_file id="fl-c3">
         <path>/home/sdev/ti/ccsv8/tools/compiler/ti-cgt-arm_18.1.2.LTS/lib/</path>
         <kind>archive</kind>
         <file>rtsv7M4_T_le_v4SPD16_eabi.lib</file>
         <name>copy_decompress_lzss.c.obj</name>
      </input_file>
      <input_file id="fl-c4">
         <path>/home/sdev/ti/ccsv8/tools/compiler/ti-cgt-arm_18.1.2.LTS/lib/</path>
         <kind>archive</kind>
         <file>rtsv7M4_T_le_v4SPD16_eabi.lib</file>
         <name>boot_cortex_m.c.obj</name>
      </input_file>
      <input_file id="fl-c5">
         <path>/home/sdev/ti/ccsv8/tools/compiler/ti-cgt-arm_18.1.2.LTS/lib/</path>
         <kind>archive</kind>
         <file>rtsv7M4_T_le_v4SPD16_eabi.lib</file>
         <name>exit.c.obj</name>
      </input_file>
      <input_file id="fl-c6">
         <path>/home/sdev/ti/ccsv8/tools/compiler/ti-cgt-arm_18.1.2.LTS/lib/</path>
         <kind>archive</kind>
         <file>rtsv7M4_T_le_v4SPD16_eabi.lib</file>
         <name>_lock.c.obj</name>
      </input_file>
      <input_file id="fl-c7">
         <path>/home/sdev/ti/ccsv8/tools/compiler/ti-cgt-arm_18.1.2.LTS/lib/</path>
         <kind>archive</kind>
         <file>rtsv7M4_T_le_v4SPD16_eabi.lib</file>
         <name>args_main.c.obj</name>
      </input_file>
      <input_file id="fl-c8">
         <path>/home/sdev/ti/ccsv8/tools/compiler/ti-cgt-arm_18.1.2.LTS/lib/</path>
         <kind>archive</kind>
         <file>rtsv7M4_T_le_v4SPD16_eabi.lib</file>
         <name>div0.asm.obj</name>
      </input_file>
      <input_file id="fl-c9">
         <path>/home/sdev/ti/ccsv8/tools/compiler/ti-cgt-arm_18.1.2.LTS/lib/</path>
         <kind>archive</kind>
         <file>rtsv7M4_T_le_v4SPD16_eabi.lib</file>
         <name>memset_t2.asm.obj</name>
      </input_file>
      <input_file id="fl-ca">
         <path>/home/sdev/ti/ccsv8/tools/compiler/ti-cgt-arm_18.1.2.LTS/lib/</path>
         <kind>archive</kind>
         <file>rtsv7M4_T_le_v4SPD16_eabi.lib</file>
         <name>memcpy_t2.asm.obj</name>
      </input_file>
      <input_file id="fl-cb">
         <path>/home/sdev/ti/ccsv8/tools/compiler/ti-cgt-arm_18.1.2.LTS/lib/</path>
         <kind>archive</kind>
         <file>rtsv7M4_T_le_v4SPD16_eabi.lib</file>
         <name>autoinit.c.obj</name>
      </input_file>
      <input_file id="fl-cc">
         <path>/home/sdev/ti/ccsv8/tools/compiler/ti-cgt-arm_18.1.2.LTS/lib/</path>
         <kind>archive</kind>
         <file>rtsv7M4_T_le_v4SPD16_eabi.lib</file>
         <name>pre_init.c.obj</name>
      </input_file>
      <input_file id="fl-cd">
         <path>/home/sdev/ti/ccsv8/tools/compiler/ti-cgt-arm_18.1.2.LTS/lib/</path>
         <kind>archive</kind>
         <file>rtsv7M4_T_le_v4SPD16_eabi.lib</file>
         <name>cpy_tbl.c.obj</name>
      </input_file>
      <input_file id="fl-ce">
         <path>/home/sdev/ti/SW-TM4C-2.1.4.178/driverlib/ccs/Debug/</path>
         <kind>archive</kind>
         <file>driverlib.lib</file>
         <name>gpio.obj</name>
      </input_file>
      <input_file id="fl-cf">
         <path>/home/sdev/ti/SW-TM4C-2.1.4.178/driverlib/ccs/Debug/</path>
         <kind>archive</kind>
         <file>driverlib.lib</file>
         <name>interrupt.obj</name>
      </input_file>
      <input_file id="fl-d0">
         <path>/home/sdev/ti/SW-TM4C-2.1.4.178/driverlib/ccs/Debug/</path>
         <kind>archive</kind>
         <file>driverlib.lib</file>
         <name>pwm.obj</name>
      </input_file>
      <input_file id="fl-d1">
         <path>/home/sdev/ti/SW-TM4C-2.1.4.178/driverlib/ccs/Debug/</path>
         <kind>archive</kind>
         <file>driverlib.lib</file>
         <name>qei.obj</name>
      </input_file>
      <input_file id="fl-d2">
         <path>/home/sdev/ti/SW-TM4C-2.1.4.178/driverlib/ccs/Debug/</path>
         <kind>archive</kind>
         <file>driverlib.lib</file>
         <name>ssi.obj</name>
      </input_file>
      <input_file id="fl-d3">
         <path>/home/sdev/ti/SW-TM4C-2.1.4.178/driverlib/ccs/Debug/</path>
         <kind>archive</kind>
         <file>driverlib.lib</file>
         <name>sysctl.obj</name>
      </input_file>
      <input_file id="fl-d4">
         <path>/home/sdev/ti/SW-TM4C-2.1.4.178/driverlib/ccs/Debug/</path>
         <kind>archive</kind>
         <file>driverlib.lib</file>
         <name>systick.obj</name>
      </input_file>
      <input_file id="fl-d5">
         <path>/home/sdev/ti/SW-TM4C-2.1.4.178/driverlib/ccs/Debug/</path>
         <kind>archive</kind>
         <file>driverlib.lib</file>
         <name>timer.obj</name>
      </input_file>
      <input_file id="fl-d6">
         <path>/home/sdev/ti/SW-TM4C-2.1.4.178/driverlib/ccs/Debug/</path>
         <kind>archive</kind>
         <file>driverlib.lib</file>
         <name>uart.obj</name>
      </input_file>
      <input_file id="fl-d7">
         <path>/home/sdev/ti/SW-TM4C-2.1.4.178/driverlib/ccs/Debug/</path>
         <kind>archive</kind>
         <file>driverlib.lib</file>
         <name>cpu.obj</name>
      </input_file>
   </input_file_list>
   <object_component_list>
      <object_component id="oc-f">
         <name>.intvecs</name>
         <load_address>0x0</load_address>
         <run_address>0x0</run_address>
         <size>0x26c</size>
         <input_file_ref idref="fl-4"/>
      </object_component>
      <object_component id="oc-214">
         <name>.text:cfg_uart</name>
         <load_address>0x26c</load_address>
         <run_address>0x26c</run_address>
         <size>0x218</size>
         <input_file_ref idref="fl-2"/>
      </object_component>
      <object_component id="oc-14e">
         <name>.text:UARTvprintf</name>
         <load_address>0x484</load_address>
         <run_address>0x484</run_address>
         <size>0x1ea</size>
         <input_file_ref idref="fl-5"/>
      </object_component>
      <object_component id="oc-30">
         <name>.text:FaultISR</name>
         <load_address>0x66e</load_address>
         <run_address>0x66e</run_address>
         <size>0x2</size>
         <input_file_ref idref="fl-4"/>
      </object_component>
      <object_component id="oc-21a">
         <name>.text:cfg_pwm</name>
         <load_address>0x670</load_address>
         <run_address>0x670</run_address>
         <size>0x1e0</size>
         <input_file_ref idref="fl-2"/>
      </object_component>
      <object_component id="oc-226">
         <name>.text:cfg_timer</name>
         <load_address>0x850</load_address>
         <run_address>0x850</run_address>
         <size>0x1c8</size>
         <input_file_ref idref="fl-2"/>
      </object_component>
      <object_component id="oc-324">
         <name>.text:GPIOPadConfigSet</name>
         <load_address>0xa18</load_address>
         <run_address>0xa18</run_address>
         <size>0x132</size>
         <input_file_ref idref="fl-ce"/>
      </object_component>
      <object_component id="oc-36">
         <name>.text:IntDefaultHandler</name>
         <load_address>0xb4a</load_address>
         <run_address>0xb4a</run_address>
         <size>0x2</size>
         <input_file_ref idref="fl-4"/>
      </object_component>
      <object_component id="oc-f1">
         <name>.text:PIDPos</name>
         <load_address>0xb4c</load_address>
         <run_address>0xb4c</run_address>
         <size>0x124</size>
         <input_file_ref idref="fl-1"/>
      </object_component>
      <object_component id="oc-fb">
         <name>.text:SysCtlClockGet</name>
         <load_address>0xc70</load_address>
         <run_address>0xc70</run_address>
         <size>0x110</size>
         <input_file_ref idref="fl-d3"/>
      </object_component>
      <object_component id="oc-208">
         <name>.text:cfg_peripheral</name>
         <load_address>0xd80</load_address>
         <run_address>0xd80</run_address>
         <size>0xe8</size>
         <input_file_ref idref="fl-2"/>
      </object_component>
      <object_component id="oc-220">
         <name>.text:cfg_qei</name>
         <load_address>0xe68</load_address>
         <run_address>0xe68</run_address>
         <size>0xc0</size>
         <input_file_ref idref="fl-2"/>
      </object_component>
      <object_component id="oc-86">
         <name>.text</name>
         <load_address>0xf28</load_address>
         <run_address>0xf28</run_address>
         <size>0x9c</size>
         <input_file_ref idref="fl-ca"/>
      </object_component>
      <object_component id="oc-42">
         <name>.text:PortDIntHandler</name>
         <load_address>0xfc4</load_address>
         <run_address>0xfc4</run_address>
         <size>0x94</size>
         <input_file_ref idref="fl-3"/>
      </object_component>
      <object_component id="oc-20e">
         <name>.text:cfg_port</name>
         <load_address>0x1058</load_address>
         <run_address>0x1058</run_address>
         <size>0x94</size>
         <input_file_ref idref="fl-2"/>
      </object_component>
      <object_component id="oc-60">
         <name>.text:PortFIntHandler</name>
         <load_address>0x10ec</load_address>
         <run_address>0x10ec</run_address>
         <size>0x90</size>
         <input_file_ref idref="fl-3"/>
      </object_component>
      <object_component id="oc-16d">
         <name>.text:MotorController</name>
         <load_address>0x117c</load_address>
         <run_address>0x117c</run_address>
         <size>0x70</size>
         <input_file_ref idref="fl-1"/>
      </object_component>
      <object_component id="oc-2e2">
         <name>.text:IntEnable</name>
         <load_address>0x11ec</load_address>
         <run_address>0x11ec</run_address>
         <size>0x68</size>
         <input_file_ref idref="fl-cf"/>
      </object_component>
      <object_component id="oc-12">
         <name>.text:decompress:lzss:__TI_decompress_lzss</name>
         <load_address>0x1254</load_address>
         <run_address>0x1254</run_address>
         <size>0x68</size>
         <input_file_ref idref="fl-c3"/>
      </object_component>
      <object_component id="oc-27e">
         <name>.text:UARTStdioConfig</name>
         <load_address>0x12bc</load_address>
         <run_address>0x12bc</run_address>
         <size>0x60</size>
         <input_file_ref idref="fl-5"/>
      </object_component>
      <object_component id="oc-2dc">
         <name>.text:GPIOIntTypeSet</name>
         <load_address>0x131c</load_address>
         <run_address>0x131c</run_address>
         <size>0x56</size>
         <input_file_ref idref="fl-ce"/>
      </object_component>
      <object_component id="oc-2a">
         <name>.text:NmiSR</name>
         <load_address>0x1372</load_address>
         <run_address>0x1372</run_address>
         <size>0x2</size>
         <input_file_ref idref="fl-4"/>
      </object_component>
      <object_component id="oc-22c">
         <name>.text:cfg_interrupt</name>
         <load_address>0x1374</load_address>
         <run_address>0x1374</run_address>
         <size>0x50</size>
         <input_file_ref idref="fl-2"/>
      </object_component>
      <object_component id="oc-285">
         <name>.text:GPIOPinConfigure</name>
         <load_address>0x13c4</load_address>
         <run_address>0x13c4</run_address>
         <size>0x48</size>
         <input_file_ref idref="fl-ce"/>
      </object_component>
      <object_component id="oc-1e1">
         <name>.text:UARTwrite</name>
         <load_address>0x140c</load_address>
         <run_address>0x140c</run_address>
         <size>0x48</size>
         <input_file_ref idref="fl-5"/>
      </object_component>
      <object_component id="oc-1ad">
         <name>.text:__TI_auto_init_nobinit_nopinit:__TI_auto_init_nobinit_nopinit</name>
         <load_address>0x1454</load_address>
         <run_address>0x1454</run_address>
         <size>0x44</size>
         <input_file_ref idref="fl-cb"/>
      </object_component>
      <object_component id="oc-19a">
         <name>.text:init</name>
         <load_address>0x1498</load_address>
         <run_address>0x1498</run_address>
         <size>0x44</size>
         <input_file_ref idref="fl-2"/>
      </object_component>
      <object_component id="oc-1e7">
         <name>.text</name>
         <load_address>0x14dc</load_address>
         <run_address>0x14dc</run_address>
         <size>0x40</size>
         <input_file_ref idref="fl-c0"/>
      </object_component>
      <object_component id="oc-a4">
         <name>.text:_c_int00_noargs:_c_int00_noargs</name>
         <load_address>0x151c</load_address>
         <run_address>0x151c</run_address>
         <size>0x38</size>
         <input_file_ref idref="fl-c4"/>
      </object_component>
      <object_component id="oc-4e">
         <name>.text:Timer0IntHandler</name>
         <load_address>0x1554</load_address>
         <run_address>0x1554</run_address>
         <size>0x30</size>
         <input_file_ref idref="fl-3"/>
      </object_component>
      <object_component id="oc-12e">
         <name>.text:main</name>
         <load_address>0x1584</load_address>
         <run_address>0x1584</run_address>
         <size>0x30</size>
         <input_file_ref idref="fl-3"/>
      </object_component>
      <object_component id="oc-32a">
         <name>.text:GPIODirModeSet</name>
         <load_address>0x15b4</load_address>
         <run_address>0x15b4</run_address>
         <size>0x2a</size>
         <input_file_ref idref="fl-ce"/>
      </object_component>
      <object_component id="oc-291">
         <name>.text:PWMGenConfigure</name>
         <load_address>0x15de</load_address>
         <run_address>0x15de</run_address>
         <size>0x22</size>
         <input_file_ref idref="fl-d0"/>
      </object_component>
      <object_component id="oc-3c">
         <name>.text:SysTickIntHandler</name>
         <load_address>0x1600</load_address>
         <run_address>0x1600</run_address>
         <size>0x20</size>
         <input_file_ref idref="fl-3"/>
      </object_component>
      <object_component id="oc-1f4">
         <name>.text:PWMPulseWidthSet</name>
         <load_address>0x1620</load_address>
         <run_address>0x1620</run_address>
         <size>0x1e</size>
         <input_file_ref idref="fl-d0"/>
      </object_component>
      <object_component id="oc-260">
         <name>.text</name>
         <load_address>0x163e</load_address>
         <run_address>0x163e</run_address>
         <size>0x2</size>
         <input_file_ref idref="fl-c8"/>
      </object_component>
      <object_component id="oc-54">
         <name>.text:Timer1IntHandler</name>
         <load_address>0x1640</load_address>
         <run_address>0x1640</run_address>
         <size>0x1c</size>
         <input_file_ref idref="fl-3"/>
      </object_component>
      <object_component id="oc-5a">
         <name>.text:Timer2IntHandler</name>
         <load_address>0x165c</load_address>
         <run_address>0x165c</run_address>
         <size>0x1c</size>
         <input_file_ref idref="fl-3"/>
      </object_component>
      <object_component id="oc-66">
         <name>.text:Timer3IntHandler</name>
         <load_address>0x1678</load_address>
         <run_address>0x1678</run_address>
         <size>0x1c</size>
         <input_file_ref idref="fl-3"/>
      </object_component>
      <object_component id="oc-6c">
         <name>.text:Timer4IntHandler</name>
         <load_address>0x1694</load_address>
         <run_address>0x1694</run_address>
         <size>0x1c</size>
         <input_file_ref idref="fl-3"/>
      </object_component>
      <object_component id="oc-72">
         <name>.text:Timer5IntHandler</name>
         <load_address>0x16b0</load_address>
         <run_address>0x16b0</run_address>
         <size>0x1c</size>
         <input_file_ref idref="fl-3"/>
      </object_component>
      <object_component id="oc-cf">
         <name>.text:UARTprintf</name>
         <load_address>0x16cc</load_address>
         <run_address>0x16cc</run_address>
         <size>0x1a</size>
         <input_file_ref idref="fl-5"/>
      </object_component>
      <object_component id="oc-271">
         <name>.text:GPIOPinTypeGPIOOutput</name>
         <load_address>0x16e6</load_address>
         <run_address>0x16e6</run_address>
         <size>0x18</size>
         <input_file_ref idref="fl-ce"/>
      </object_component>
      <object_component id="oc-202">
         <name>.text:cfg_clock</name>
         <load_address>0x1700</load_address>
         <run_address>0x1700</run_address>
         <size>0x18</size>
         <input_file_ref idref="fl-2"/>
      </object_component>
      <object_component id="oc-232">
         <name>.text:cfg_systick</name>
         <load_address>0x1718</load_address>
         <run_address>0x1718</run_address>
         <size>0x16</size>
         <input_file_ref idref="fl-2"/>
      </object_component>
      <object_component id="oc-2f5">
         <name>.text:SysTickEnable</name>
         <load_address>0x1730</load_address>
         <run_address>0x1730</run_address>
         <size>0x14</size>
         <input_file_ref idref="fl-d4"/>
      </object_component>
      <object_component id="oc-2ef">
         <name>.text:SysTickIntEnable</name>
         <load_address>0x1744</load_address>
         <run_address>0x1744</run_address>
         <size>0x14</size>
         <input_file_ref idref="fl-d4"/>
      </object_component>
      <object_component id="oc-28b">
         <name>.text:GPIOPinTypePWM</name>
         <load_address>0x1758</load_address>
         <run_address>0x1758</run_address>
         <size>0x12</size>
         <input_file_ref idref="fl-ce"/>
      </object_component>
      <object_component id="oc-2aa">
         <name>.text:GPIOPinTypeQEI</name>
         <load_address>0x176a</load_address>
         <run_address>0x176a</run_address>
         <size>0x12</size>
         <input_file_ref idref="fl-ce"/>
      </object_component>
      <object_component id="oc-2a3">
         <name>.text:PWMOutputState</name>
         <load_address>0x177c</load_address>
         <run_address>0x177c</run_address>
         <size>0x12</size>
         <input_file_ref idref="fl-d0"/>
      </object_component>
      <object_component id="oc-92">
         <name>.text:decompress:ZI:__TI_zero_init_nomemset:__TI_zero_init_nomemset</name>
         <load_address>0x178e</load_address>
         <run_address>0x178e</run_address>
         <size>0x12</size>
         <input_file_ref idref="fl-c1"/>
      </object_component>
      <object_component id="oc-297">
         <name>.text:PWMGenPeriodSet</name>
         <load_address>0x17a0</load_address>
         <run_address>0x17a0</run_address>
         <size>0x10</size>
         <input_file_ref idref="fl-d0"/>
      </object_component>
      <object_component id="oc-2b6">
         <name>.text:QEIVelocityConfigure</name>
         <load_address>0x17b0</load_address>
         <run_address>0x17b0</run_address>
         <size>0x10</size>
         <input_file_ref idref="fl-d1"/>
      </object_component>
      <object_component id="oc-2e9">
         <name>.text:SysTickPeriodSet</name>
         <load_address>0x17c0</load_address>
         <run_address>0x17c0</run_address>
         <size>0x10</size>
         <input_file_ref idref="fl-d4"/>
      </object_component>
      <object_component id="oc-c9">
         <name>.text:GPIOIntStatus</name>
         <load_address>0x17d0</load_address>
         <run_address>0x17d0</run_address>
         <size>0xe</size>
         <input_file_ref idref="fl-ce"/>
      </object_component>
      <object_component id="oc-2c2">
         <name>.text:QEIConfigure</name>
         <load_address>0x17de</load_address>
         <run_address>0x17de</run_address>
         <size>0xe</size>
         <input_file_ref idref="fl-d1"/>
      </object_component>
      <object_component id="oc-18">
         <name>.text:decompress:none:__TI_decompress_none</name>
         <load_address>0x17ec</load_address>
         <run_address>0x17ec</run_address>
         <size>0xe</size>
         <input_file_ref idref="fl-c2"/>
      </object_component>
      <object_component id="oc-2d6">
         <name>.text:GPIOIntEnable</name>
         <load_address>0x17fa</load_address>
         <run_address>0x17fa</run_address>
         <size>0xc</size>
         <input_file_ref idref="fl-ce"/>
      </object_component>
      <object_component id="oc-29d">
         <name>.text:PWMGenEnable</name>
         <load_address>0x1806</load_address>
         <run_address>0x1806</run_address>
         <size>0xc</size>
         <input_file_ref idref="fl-d0"/>
      </object_component>
      <object_component id="oc-48">
         <name>.text:UART0IntHandler</name>
         <load_address>0x1814</load_address>
         <run_address>0x1814</run_address>
         <size>0xc</size>
         <input_file_ref idref="fl-3"/>
      </object_component>
      <object_component id="oc-2b0">
         <name>.text:QEIDisable</name>
         <load_address>0x1820</load_address>
         <run_address>0x1820</run_address>
         <size>0xa</size>
         <input_file_ref idref="fl-d1"/>
      </object_component>
      <object_component id="oc-2c8">
         <name>.text:QEIEnable</name>
         <load_address>0x182a</load_address>
         <run_address>0x182a</run_address>
         <size>0xa</size>
         <input_file_ref idref="fl-d1"/>
      </object_component>
      <object_component id="oc-2bc">
         <name>.text:QEIVelocityEnable</name>
         <load_address>0x1834</load_address>
         <run_address>0x1834</run_address>
         <size>0xa</size>
         <input_file_ref idref="fl-d1"/>
      </object_component>
      <object_component id="oc-db">
         <name>.text:GPIOIntClear</name>
         <load_address>0x183e</load_address>
         <run_address>0x183e</run_address>
         <size>0x6</size>
         <input_file_ref idref="fl-ce"/>
      </object_component>
      <object_component id="oc-bc">
         <name>.text:GPIOPinRead</name>
         <load_address>0x1844</load_address>
         <run_address>0x1844</run_address>
         <size>0x6</size>
         <input_file_ref idref="fl-ce"/>
      </object_component>
      <object_component id="oc-c2">
         <name>.text:GPIOPinWrite</name>
         <load_address>0x184a</load_address>
         <run_address>0x184a</run_address>
         <size>0x6</size>
         <input_file_ref idref="fl-ce"/>
      </object_component>
      <object_component id="oc-24">
         <name>.text:ResetISR</name>
         <load_address>0x1850</load_address>
         <run_address>0x1850</run_address>
         <size>0x6</size>
         <input_file_ref idref="fl-4"/>
      </object_component>
      <object_component id="oc-101">
         <name>.text:SysCtlDelay</name>
         <load_address>0x1856</load_address>
         <run_address>0x1856</run_address>
         <size>0x6</size>
         <input_file_ref idref="fl-d3"/>
      </object_component>
      <object_component id="oc-2cf">
         <name>.text:TimerClockSourceSet</name>
         <load_address>0x185c</load_address>
         <run_address>0x185c</run_address>
         <size>0x6</size>
         <input_file_ref idref="fl-d5"/>
      </object_component>
      <object_component id="oc-278">
         <name>.text:UARTClockSourceSet</name>
         <load_address>0x1862</load_address>
         <run_address>0x1862</run_address>
         <size>0x6</size>
         <input_file_ref idref="fl-d6"/>
      </object_component>
      <object_component id="oc-167">
         <name>.text:QEIPositionGet</name>
         <load_address>0x1868</load_address>
         <run_address>0x1868</run_address>
         <size>0x4</size>
         <input_file_ref idref="fl-d1"/>
      </object_component>
      <object_component id="oc-d5">
         <name>.text:QEIPositionSet</name>
         <load_address>0x186c</load_address>
         <run_address>0x186c</run_address>
         <size>0x4</size>
         <input_file_ref idref="fl-d1"/>
      </object_component>
      <object_component id="oc-ea">
         <name>.text:UARTIntClear</name>
         <load_address>0x1870</load_address>
         <run_address>0x1870</run_address>
         <size>0x4</size>
         <input_file_ref idref="fl-d6"/>
      </object_component>
      <object_component id="oc-128">
         <name>.text:_system_pre_init</name>
         <load_address>0x1874</load_address>
         <run_address>0x1874</run_address>
         <size>0x4</size>
         <input_file_ref idref="fl-cc"/>
      </object_component>
      <object_component id="oc-1a1">
         <name>.text:abort:abort</name>
         <load_address>0x1878</load_address>
         <run_address>0x1878</run_address>
         <size>0x4</size>
         <input_file_ref idref="fl-c5"/>
      </object_component>
      <object_component id="oc-339">
         <name>.const:g_pui32GPIOBaseAddrs</name>
         <load_address>0x187c</load_address>
         <run_address>0x187c</run_address>
         <size>0x90</size>
         <input_file_ref idref="fl-ce"/>
      </object_component>
      <object_component id="oc-34c">
         <name>.const</name>
         <load_address>0x190c</load_address>
         <run_address>0x190c</run_address>
         <size>0x70</size>
         <input_file_ref idref="fl-cf"/>
      </object_component>
      <object_component id="oc-186">
         <name>.const:g_pui32Xtals</name>
         <load_address>0x197c</load_address>
         <run_address>0x197c</run_address>
         <size>0x6c</size>
         <input_file_ref idref="fl-d3"/>
      </object_component>
      <object_component id="oc-335">
         <name>.const:g_ui32UARTBase</name>
         <load_address>0x19e8</load_address>
         <run_address>0x19e8</run_address>
         <size>0xc</size>
         <input_file_ref idref="fl-5"/>
      </object_component>
      <object_component id="oc-332">
         <name>.const:g_ui32UARTPeriph</name>
         <load_address>0x19f4</load_address>
         <run_address>0x19f4</run_address>
         <size>0xc</size>
         <input_file_ref idref="fl-5"/>
      </object_component>
      <object_component id="oc-39d">
         <name>.cinit..data.load</name>
         <load_address>0x1a00</load_address>
         <run_address>0x1a00</run_address>
         <size>0x1b</size>
      </object_component>
      <object_component id="oc-39b">
         <name>__TI_handler_table</name>
         <load_address>0x1a1c</load_address>
         <run_address>0x1a1c</run_address>
         <size>0xc</size>
      </object_component>
      <object_component id="oc-39e">
         <name>.cinit..bss.load</name>
         <load_address>0x1a28</load_address>
         <run_address>0x1a28</run_address>
         <size>0x8</size>
      </object_component>
      <object_component id="oc-39c">
         <name>__TI_cinit_table</name>
         <load_address>0x1a30</load_address>
         <run_address>0x1a30</run_address>
         <size>0x10</size>
      </object_component>
      <object_component id="oc-178">
         <name>.data</name>
         <load_address>0x2000011c</load_address>
         <run_address>0x2000011c</run_address>
         <size>0x18</size>
         <input_file_ref idref="fl-1"/>
      </object_component>
      <object_component id="oc-e1">
         <name>.data</name>
         <load_address>0x20000100</load_address>
         <run_address>0x20000100</run_address>
         <size>0x1c</size>
         <input_file_ref idref="fl-3"/>
      </object_component>
      <object_component id="oc-259">
         <name>.data</name>
         <load_address>0x20000134</load_address>
         <run_address>0x20000134</run_address>
         <size>0x5</size>
         <input_file_ref idref="fl-5"/>
      </object_component>
      <object_component id="oc-173">
         <name>.common:rPos_l</name>
         <uninitialized>true</uninitialized>
         <run_address>0x2000016c</run_address>
         <size>0x4</size>
      </object_component>
      <object_component id="oc-176">
         <name>.common:Err_l</name>
         <uninitialized>true</uninitialized>
         <run_address>0x2000013c</run_address>
         <size>0x4</size>
      </object_component>
      <object_component id="oc-17c">
         <name>.common:pre_err_l</name>
         <uninitialized>true</uninitialized>
         <run_address>0x20000164</run_address>
         <size>0x4</size>
      </object_component>
      <object_component id="oc-177">
         <name>.common:pPart_l</name>
         <uninitialized>true</uninitialized>
         <run_address>0x2000015c</run_address>
         <size>0x4</size>
      </object_component>
      <object_component id="oc-17b">
         <name>.common:dPart_l</name>
         <uninitialized>true</uninitialized>
         <run_address>0x20000144</run_address>
         <size>0x4</size>
      </object_component>
      <object_component id="oc-17e">
         <name>.common:iPart_l</name>
         <uninitialized>true</uninitialized>
         <run_address>0x2000014c</run_address>
         <size>0x4</size>
      </object_component>
      <object_component id="oc-17d">
         <name>.common:output_l</name>
         <uninitialized>true</uninitialized>
         <run_address>0x20000154</run_address>
         <size>0x4</size>
      </object_component>
      <object_component id="oc-17f">
         <name>.common:rPos_r</name>
         <uninitialized>true</uninitialized>
         <run_address>0x20000170</run_address>
         <size>0x4</size>
      </object_component>
      <object_component id="oc-180">
         <name>.common:Err_r</name>
         <uninitialized>true</uninitialized>
         <run_address>0x20000140</run_address>
         <size>0x4</size>
      </object_component>
      <object_component id="oc-183">
         <name>.common:pre_err_r</name>
         <uninitialized>true</uninitialized>
         <run_address>0x20000168</run_address>
         <size>0x4</size>
      </object_component>
      <object_component id="oc-181">
         <name>.common:pPart_r</name>
         <uninitialized>true</uninitialized>
         <run_address>0x20000160</run_address>
         <size>0x4</size>
      </object_component>
      <object_component id="oc-182">
         <name>.common:dPart_r</name>
         <uninitialized>true</uninitialized>
         <run_address>0x20000148</run_address>
         <size>0x4</size>
      </object_component>
      <object_component id="oc-184">
         <name>.common:iPart_r</name>
         <uninitialized>true</uninitialized>
         <run_address>0x20000150</run_address>
         <size>0x4</size>
      </object_component>
      <object_component id="oc-185">
         <name>.common:output_r</name>
         <uninitialized>true</uninitialized>
         <run_address>0x20000158</run_address>
         <size>0x4</size>
      </object_component>
      <object_component id="oc-21">
         <name>.stack</name>
         <uninitialized>true</uninitialized>
         <run_address>0x20000000</run_address>
         <size>0x4</size>
         <input_file_ref idref="fl-c4"/>
      </object_component>
      <object_component id="oc-39f">
         <name>.stack</name>
         <uninitialized>true</uninitialized>
         <run_address>0x20000000</run_address>
         <size>0x0</size>
      </object_component>
      <object_component id="oc-174">
         <name>.debug_info</name>
         <load_address>0x0</load_address>
         <run_address>0x0</run_address>
         <size>0x476</size>
         <input_file_ref idref="fl-1"/>
      </object_component>
      <object_component id="oc-179">
         <name>.debug_info</name>
         <load_address>0x476</load_address>
         <run_address>0x476</run_address>
         <size>0x13a</size>
         <input_file_ref idref="fl-1"/>
      </object_component>
      <object_component id="oc-16e">
         <name>.debug_info</name>
         <load_address>0x5b0</load_address>
         <run_address>0x5b0</run_address>
         <size>0x1fb</size>
         <input_file_ref idref="fl-1"/>
      </object_component>
      <object_component id="oc-f2">
         <name>.debug_info</name>
         <load_address>0x7ab</load_address>
         <run_address>0x7ab</run_address>
         <size>0x187</size>
         <input_file_ref idref="fl-1"/>
      </object_component>
      <object_component id="oc-108">
         <name>.debug_info</name>
         <load_address>0x932</load_address>
         <run_address>0x932</run_address>
         <size>0x26b</size>
         <input_file_ref idref="fl-1"/>
      </object_component>
      <object_component id="oc-81">
         <name>.debug_info</name>
         <load_address>0xb9d</load_address>
         <run_address>0xb9d</run_address>
         <size>0x84</size>
         <input_file_ref idref="fl-1"/>
      </object_component>
      <object_component id="oc-160">
         <name>.debug_info</name>
         <load_address>0xc21</load_address>
         <run_address>0xc21</run_address>
         <size>0x297</size>
         <input_file_ref idref="fl-1"/>
      </object_component>
      <object_component id="oc-e5">
         <name>.debug_info</name>
         <load_address>0xeb8</load_address>
         <run_address>0xeb8</run_address>
         <size>0xbb</size>
         <input_file_ref idref="fl-1"/>
      </object_component>
      <object_component id="oc-156">
         <name>.debug_info</name>
         <load_address>0xf73</load_address>
         <run_address>0xf73</run_address>
         <size>0x2c</size>
         <input_file_ref idref="fl-1"/>
      </object_component>
      <object_component id="oc-203">
         <name>.debug_info</name>
         <load_address>0xf9f</load_address>
         <run_address>0xf9f</run_address>
         <size>0xf9</size>
         <input_file_ref idref="fl-2"/>
      </object_component>
      <object_component id="oc-209">
         <name>.debug_info</name>
         <load_address>0x1098</load_address>
         <run_address>0x1098</run_address>
         <size>0x171</size>
         <input_file_ref idref="fl-2"/>
      </object_component>
      <object_component id="oc-20f">
         <name>.debug_info</name>
         <load_address>0x1209</load_address>
         <run_address>0x1209</run_address>
         <size>0x125</size>
         <input_file_ref idref="fl-2"/>
      </object_component>
      <object_component id="oc-215">
         <name>.debug_info</name>
         <load_address>0x132e</load_address>
         <run_address>0x132e</run_address>
         <size>0x1df</size>
         <input_file_ref idref="fl-2"/>
      </object_component>
      <object_component id="oc-21b">
         <name>.debug_info</name>
         <load_address>0x150d</load_address>
         <run_address>0x150d</run_address>
         <size>0x4d9</size>
         <input_file_ref idref="fl-2"/>
      </object_component>
      <object_component id="oc-221">
         <name>.debug_info</name>
         <load_address>0x19e6</load_address>
         <run_address>0x19e6</run_address>
         <size>0x293</size>
         <input_file_ref idref="fl-2"/>
      </object_component>
      <object_component id="oc-227">
         <name>.debug_info</name>
         <load_address>0x1c79</load_address>
         <run_address>0x1c79</run_address>
         <size>0x26e</size>
         <input_file_ref idref="fl-2"/>
      </object_component>
      <object_component id="oc-22d">
         <name>.debug_info</name>
         <load_address>0x1ee7</load_address>
         <run_address>0x1ee7</run_address>
         <size>0x18f</size>
         <input_file_ref idref="fl-2"/>
      </object_component>
      <object_component id="oc-233">
         <name>.debug_info</name>
         <load_address>0x2076</load_address>
         <run_address>0x2076</run_address>
         <size>0x14d</size>
         <input_file_ref idref="fl-2"/>
      </object_component>
      <object_component id="oc-19b">
         <name>.debug_info</name>
         <load_address>0x21c3</load_address>
         <run_address>0x21c3</run_address>
         <size>0x1a1</size>
         <input_file_ref idref="fl-2"/>
      </object_component>
      <object_component id="oc-149">
         <name>.debug_info</name>
         <load_address>0x2364</load_address>
         <run_address>0x2364</run_address>
         <size>0x8b</size>
         <input_file_ref idref="fl-2"/>
      </object_component>
      <object_component id="oc-e2">
         <name>.debug_info</name>
         <load_address>0x23ef</load_address>
         <run_address>0x23ef</run_address>
         <size>0x14b</size>
         <input_file_ref idref="fl-3"/>
      </object_component>
      <object_component id="oc-12f">
         <name>.debug_info</name>
         <load_address>0x253a</load_address>
         <run_address>0x253a</run_address>
         <size>0x10b</size>
         <input_file_ref idref="fl-3"/>
      </object_component>
      <object_component id="oc-49">
         <name>.debug_info</name>
         <load_address>0x2645</load_address>
         <run_address>0x2645</run_address>
         <size>0x103</size>
         <input_file_ref idref="fl-3"/>
      </object_component>
      <object_component id="oc-73">
         <name>.debug_info</name>
         <load_address>0x2748</load_address>
         <run_address>0x2748</run_address>
         <size>0xfe</size>
         <input_file_ref idref="fl-3"/>
      </object_component>
      <object_component id="oc-6d">
         <name>.debug_info</name>
         <load_address>0x2846</load_address>
         <run_address>0x2846</run_address>
         <size>0xfe</size>
         <input_file_ref idref="fl-3"/>
      </object_component>
      <object_component id="oc-67">
         <name>.debug_info</name>
         <load_address>0x2944</load_address>
         <run_address>0x2944</run_address>
         <size>0xfe</size>
         <input_file_ref idref="fl-3"/>
      </object_component>
      <object_component id="oc-5b">
         <name>.debug_info</name>
         <load_address>0x2a42</load_address>
         <run_address>0x2a42</run_address>
         <size>0xfe</size>
         <input_file_ref idref="fl-3"/>
      </object_component>
      <object_component id="oc-55">
         <name>.debug_info</name>
         <load_address>0x2b40</load_address>
         <run_address>0x2b40</run_address>
         <size>0xfe</size>
         <input_file_ref idref="fl-3"/>
      </object_component>
      <object_component id="oc-4f">
         <name>.debug_info</name>
         <load_address>0x2c3e</load_address>
         <run_address>0x2c3e</run_address>
         <size>0x10b</size>
         <input_file_ref idref="fl-3"/>
      </object_component>
      <object_component id="oc-3d">
         <name>.debug_info</name>
         <load_address>0x2d49</load_address>
         <run_address>0x2d49</run_address>
         <size>0x11e</size>
         <input_file_ref idref="fl-3"/>
      </object_component>
      <object_component id="oc-61">
         <name>.debug_info</name>
         <load_address>0x2e67</load_address>
         <run_address>0x2e67</run_address>
         <size>0x1ba</size>
         <input_file_ref idref="fl-3"/>
      </object_component>
      <object_component id="oc-43">
         <name>.debug_info</name>
         <load_address>0x3021</load_address>
         <run_address>0x3021</run_address>
         <size>0x196</size>
         <input_file_ref idref="fl-3"/>
      </object_component>
      <object_component id="oc-7a">
         <name>.debug_info</name>
         <load_address>0x31b7</load_address>
         <run_address>0x31b7</run_address>
         <size>0x419</size>
         <input_file_ref idref="fl-4"/>
      </object_component>
      <object_component id="oc-10">
         <name>.debug_info</name>
         <load_address>0x35d0</load_address>
         <run_address>0x35d0</run_address>
         <size>0xcc</size>
         <input_file_ref idref="fl-4"/>
      </object_component>
      <object_component id="oc-25">
         <name>.debug_info</name>
         <load_address>0x369c</load_address>
         <run_address>0x369c</run_address>
         <size>0xfd</size>
         <input_file_ref idref="fl-4"/>
      </object_component>
      <object_component id="oc-2b">
         <name>.debug_info</name>
         <load_address>0x3799</load_address>
         <run_address>0x3799</run_address>
         <size>0xed</size>
         <input_file_ref idref="fl-4"/>
      </object_component>
      <object_component id="oc-37">
         <name>.debug_info</name>
         <load_address>0x3886</load_address>
         <run_address>0x3886</run_address>
         <size>0x105</size>
         <input_file_ref idref="fl-4"/>
      </object_component>
      <object_component id="oc-31">
         <name>.debug_info</name>
         <load_address>0x398b</load_address>
         <run_address>0x398b</run_address>
         <size>0xf3</size>
         <input_file_ref idref="fl-4"/>
      </object_component>
      <object_component id="oc-155">
         <name>.debug_info</name>
         <load_address>0x3a7e</load_address>
         <run_address>0x3a7e</run_address>
         <size>0x2a7</size>
         <input_file_ref idref="fl-5"/>
      </object_component>
      <object_component id="oc-25a">
         <name>.debug_info</name>
         <load_address>0x3d25</load_address>
         <run_address>0x3d25</run_address>
         <size>0xe8</size>
         <input_file_ref idref="fl-5"/>
      </object_component>
      <object_component id="oc-336">
         <name>.debug_info</name>
         <load_address>0x3e0d</load_address>
         <run_address>0x3e0d</run_address>
         <size>0xf0</size>
         <input_file_ref idref="fl-5"/>
      </object_component>
      <object_component id="oc-333">
         <name>.debug_info</name>
         <load_address>0x3efd</load_address>
         <run_address>0x3efd</run_address>
         <size>0xf4</size>
         <input_file_ref idref="fl-5"/>
      </object_component>
      <object_component id="oc-1e2">
         <name>.debug_info</name>
         <load_address>0x3ff1</load_address>
         <run_address>0x3ff1</run_address>
         <size>0x1db</size>
         <input_file_ref idref="fl-5"/>
      </object_component>
      <object_component id="oc-14f">
         <name>.debug_info</name>
         <load_address>0x41cc</load_address>
         <run_address>0x41cc</run_address>
         <size>0x30d</size>
         <input_file_ref idref="fl-5"/>
      </object_component>
      <object_component id="oc-d0">
         <name>.debug_info</name>
         <load_address>0x44d9</load_address>
         <run_address>0x44d9</run_address>
         <size>0x1a8</size>
         <input_file_ref idref="fl-5"/>
      </object_component>
      <object_component id="oc-25c">
         <name>.debug_info</name>
         <load_address>0x4681</load_address>
         <run_address>0x4681</run_address>
         <size>0x226</size>
         <input_file_ref idref="fl-5"/>
      </object_component>
      <object_component id="oc-27f">
         <name>.debug_info</name>
         <load_address>0x48a7</load_address>
         <run_address>0x48a7</run_address>
         <size>0x23e</size>
         <input_file_ref idref="fl-5"/>
      </object_component>
      <object_component id="oc-1e8">
         <name>.debug_info</name>
         <load_address>0x4ae5</load_address>
         <run_address>0x4ae5</run_address>
         <size>0x13a</size>
         <input_file_ref idref="fl-c0"/>
      </object_component>
      <object_component id="oc-121">
         <name>.debug_info</name>
         <load_address>0x4c1f</load_address>
         <run_address>0x4c1f</run_address>
         <size>0x313</size>
         <input_file_ref idref="fl-c1"/>
      </object_component>
      <object_component id="oc-93">
         <name>.debug_info</name>
         <load_address>0x4f32</load_address>
         <run_address>0x4f32</run_address>
         <size>0x1b4</size>
         <input_file_ref idref="fl-c1"/>
      </object_component>
      <object_component id="oc-11c">
         <name>.debug_info</name>
         <load_address>0x50e6</load_address>
         <run_address>0x50e6</run_address>
         <size>0x46</size>
         <input_file_ref idref="fl-c1"/>
      </object_component>
      <object_component id="oc-191">
         <name>.debug_info</name>
         <load_address>0x512c</load_address>
         <run_address>0x512c</run_address>
         <size>0x2c</size>
         <input_file_ref idref="fl-c1"/>
      </object_component>
      <object_component id="oc-91">
         <name>.debug_info</name>
         <load_address>0x5158</load_address>
         <run_address>0x5158</run_address>
         <size>0x29d</size>
         <input_file_ref idref="fl-c2"/>
      </object_component>
      <object_component id="oc-19">
         <name>.debug_info</name>
         <load_address>0x53f5</load_address>
         <run_address>0x53f5</run_address>
         <size>0x1df</size>
         <input_file_ref idref="fl-c2"/>
      </object_component>
      <object_component id="oc-8c">
         <name>.debug_info</name>
         <load_address>0x55d4</load_address>
         <run_address>0x55d4</run_address>
         <size>0x46</size>
         <input_file_ref idref="fl-c2"/>
      </object_component>
      <object_component id="oc-114">
         <name>.debug_info</name>
         <load_address>0x561a</load_address>
         <run_address>0x561a</run_address>
         <size>0x2c</size>
         <input_file_ref idref="fl-c2"/>
      </object_component>
      <object_component id="oc-112">
         <name>.debug_info</name>
         <load_address>0x5646</load_address>
         <run_address>0x5646</run_address>
         <size>0x293</size>
         <input_file_ref idref="fl-c3"/>
      </object_component>
      <object_component id="oc-13">
         <name>.debug_info</name>
         <load_address>0x58d9</load_address>
         <run_address>0x58d9</run_address>
         <size>0x245</size>
         <input_file_ref idref="fl-c3"/>
      </object_component>
      <object_component id="oc-7c">
         <name>.debug_info</name>
         <load_address>0x5b1e</load_address>
         <run_address>0x5b1e</run_address>
         <size>0x60</size>
         <input_file_ref idref="fl-c3"/>
      </object_component>
      <object_component id="oc-18a">
         <name>.debug_info</name>
         <load_address>0x5b7e</load_address>
         <run_address>0x5b7e</run_address>
         <size>0x46</size>
         <input_file_ref idref="fl-c3"/>
      </object_component>
      <object_component id="oc-10d">
         <name>.debug_info</name>
         <load_address>0x5bc4</load_address>
         <run_address>0x5bc4</run_address>
         <size>0x39</size>
         <input_file_ref idref="fl-c3"/>
      </object_component>
      <object_component id="oc-22">
         <name>.debug_info</name>
         <load_address>0x5bfd</load_address>
         <run_address>0x5bfd</run_address>
         <size>0x100</size>
         <input_file_ref idref="fl-c4"/>
      </object_component>
      <object_component id="oc-a5">
         <name>.debug_info</name>
         <load_address>0x5cfd</load_address>
         <run_address>0x5cfd</run_address>
         <size>0x1a4</size>
         <input_file_ref idref="fl-c4"/>
      </object_component>
      <object_component id="oc-1a2">
         <name>.debug_info</name>
         <load_address>0x5ea1</load_address>
         <run_address>0x5ea1</run_address>
         <size>0x117</size>
         <input_file_ref idref="fl-c5"/>
      </object_component>
      <object_component id="oc-261">
         <name>.debug_info</name>
         <load_address>0x5fb8</load_address>
         <run_address>0x5fb8</run_address>
         <size>0x10d</size>
         <input_file_ref idref="fl-c8"/>
      </object_component>
      <object_component id="oc-87">
         <name>.debug_info</name>
         <load_address>0x60c5</load_address>
         <run_address>0x60c5</run_address>
         <size>0x111</size>
         <input_file_ref idref="fl-ca"/>
      </object_component>
      <object_component id="oc-244">
         <name>.debug_info</name>
         <load_address>0x61d6</load_address>
         <run_address>0x61d6</run_address>
         <size>0x547</size>
         <input_file_ref idref="fl-cb"/>
      </object_component>
      <object_component id="oc-1ae">
         <name>.debug_info</name>
         <load_address>0x671d</load_address>
         <run_address>0x671d</run_address>
         <size>0x19b</size>
         <input_file_ref idref="fl-cb"/>
      </object_component>
      <object_component id="oc-30c">
         <name>.debug_info</name>
         <load_address>0x68b8</load_address>
         <run_address>0x68b8</run_address>
         <size>0x39</size>
         <input_file_ref idref="fl-cb"/>
      </object_component>
      <object_component id="oc-358">
         <name>.debug_info</name>
         <load_address>0x68f1</load_address>
         <run_address>0x68f1</run_address>
         <size>0x39</size>
         <input_file_ref idref="fl-cb"/>
      </object_component>
      <object_component id="oc-311">
         <name>.debug_info</name>
         <load_address>0x692a</load_address>
         <run_address>0x692a</run_address>
         <size>0x39</size>
         <input_file_ref idref="fl-cb"/>
      </object_component>
      <object_component id="oc-316">
         <name>.debug_info</name>
         <load_address>0x6963</load_address>
         <run_address>0x6963</run_address>
         <size>0xcd</size>
         <input_file_ref idref="fl-cb"/>
      </object_component>
      <object_component id="oc-129">
         <name>.debug_info</name>
         <load_address>0x6a30</load_address>
         <run_address>0x6a30</run_address>
         <size>0x148</size>
         <input_file_ref idref="fl-cc"/>
      </object_component>
      <object_component id="oc-146">
         <name>.debug_info</name>
         <load_address>0x6b78</load_address>
         <run_address>0x6b78</run_address>
         <size>0x240</size>
         <input_file_ref idref="fl-ce"/>
      </object_component>
      <object_component id="oc-33a">
         <name>.debug_info</name>
         <load_address>0x6db8</load_address>
         <run_address>0x6db8</run_address>
         <size>0x15b</size>
         <input_file_ref idref="fl-ce"/>
      </object_component>
      <object_component id="oc-c3">
         <name>.debug_info</name>
         <load_address>0x6f13</load_address>
         <run_address>0x6f13</run_address>
         <size>0x2a3</size>
         <input_file_ref idref="fl-ce"/>
      </object_component>
      <object_component id="oc-32b">
         <name>.debug_info</name>
         <load_address>0x71b6</load_address>
         <run_address>0x71b6</run_address>
         <size>0x2b3</size>
         <input_file_ref idref="fl-ce"/>
      </object_component>
      <object_component id="oc-325">
         <name>.debug_info</name>
         <load_address>0x7469</load_address>
         <run_address>0x7469</run_address>
         <size>0x316</size>
         <input_file_ref idref="fl-ce"/>
      </object_component>
      <object_component id="oc-2ab">
         <name>.debug_info</name>
         <load_address>0x777f</load_address>
         <run_address>0x777f</run_address>
         <size>0x279</size>
         <input_file_ref idref="fl-ce"/>
      </object_component>
      <object_component id="oc-28c">
         <name>.debug_info</name>
         <load_address>0x79f8</load_address>
         <run_address>0x79f8</run_address>
         <size>0x279</size>
         <input_file_ref idref="fl-ce"/>
      </object_component>
      <object_component id="oc-272">
         <name>.debug_info</name>
         <load_address>0x7c71</load_address>
         <run_address>0x7c71</run_address>
         <size>0x2b7</size>
         <input_file_ref idref="fl-ce"/>
      </object_component>
      <object_component id="oc-bd">
         <name>.debug_info</name>
         <load_address>0x7f28</load_address>
         <run_address>0x7f28</run_address>
         <size>0x27b</size>
         <input_file_ref idref="fl-ce"/>
      </object_component>
      <object_component id="oc-286">
         <name>.debug_info</name>
         <load_address>0x81a3</load_address>
         <run_address>0x81a3</run_address>
         <size>0x280</size>
         <input_file_ref idref="fl-ce"/>
      </object_component>
      <object_component id="oc-2dd">
         <name>.debug_info</name>
         <load_address>0x8423</load_address>
         <run_address>0x8423</run_address>
         <size>0x2bb</size>
         <input_file_ref idref="fl-ce"/>
      </object_component>
      <object_component id="oc-ca">
         <name>.debug_info</name>
         <load_address>0x86de</load_address>
         <run_address>0x86de</run_address>
         <size>0x27f</size>
         <input_file_ref idref="fl-ce"/>
      </object_component>
      <object_component id="oc-2d7">
         <name>.debug_info</name>
         <load_address>0x895d</load_address>
         <run_address>0x895d</run_address>
         <size>0x28f</size>
         <input_file_ref idref="fl-ce"/>
      </object_component>
      <object_component id="oc-dc">
         <name>.debug_info</name>
         <load_address>0x8bec</load_address>
         <run_address>0x8bec</run_address>
         <size>0x28d</size>
         <input_file_ref idref="fl-ce"/>
      </object_component>
      <object_component id="oc-141">
         <name>.debug_info</name>
         <load_address>0x8e79</load_address>
         <run_address>0x8e79</run_address>
         <size>0x18b</size>
         <input_file_ref idref="fl-ce"/>
      </object_component>
      <object_component id="oc-350">
         <name>.debug_info</name>
         <load_address>0x9004</load_address>
         <run_address>0x9004</run_address>
         <size>0x20e</size>
         <input_file_ref idref="fl-cf"/>
      </object_component>
      <object_component id="oc-34d">
         <name>.debug_info</name>
         <load_address>0x9212</load_address>
         <run_address>0x9212</run_address>
         <size>0x210</size>
         <input_file_ref idref="fl-cf"/>
      </object_component>
      <object_component id="oc-2e4">
         <name>.debug_info</name>
         <load_address>0x9422</load_address>
         <run_address>0x9422</run_address>
         <size>0x268</size>
         <input_file_ref idref="fl-cf"/>
      </object_component>
      <object_component id="oc-267">
         <name>.debug_info</name>
         <load_address>0x968a</load_address>
         <run_address>0x968a</run_address>
         <size>0x1ed</size>
         <input_file_ref idref="fl-d0"/>
      </object_component>
      <object_component id="oc-1f5">
         <name>.debug_info</name>
         <load_address>0x9877</load_address>
         <run_address>0x9877</run_address>
         <size>0x2f6</size>
         <input_file_ref idref="fl-d0"/>
      </object_component>
      <object_component id="oc-2a4">
         <name>.debug_info</name>
         <load_address>0x9b6d</load_address>
         <run_address>0x9b6d</run_address>
         <size>0x2c4</size>
         <input_file_ref idref="fl-d0"/>
      </object_component>
      <object_component id="oc-298">
         <name>.debug_info</name>
         <load_address>0x9e31</load_address>
         <run_address>0x9e31</run_address>
         <size>0x2b6</size>
         <input_file_ref idref="fl-d0"/>
      </object_component>
      <object_component id="oc-29e">
         <name>.debug_info</name>
         <load_address>0xa0e7</load_address>
         <run_address>0xa0e7</run_address>
         <size>0x276</size>
         <input_file_ref idref="fl-d0"/>
      </object_component>
      <object_component id="oc-292">
         <name>.debug_info</name>
         <load_address>0xa35d</load_address>
         <run_address>0xa35d</run_address>
         <size>0x2b3</size>
         <input_file_ref idref="fl-d0"/>
      </object_component>
      <object_component id="oc-15c">
         <name>.debug_info</name>
         <load_address>0xa610</load_address>
         <run_address>0xa610</run_address>
         <size>0x1e8</size>
         <input_file_ref idref="fl-d1"/>
      </object_component>
      <object_component id="oc-2bd">
         <name>.debug_info</name>
         <load_address>0xa7f8</load_address>
         <run_address>0xa7f8</run_address>
         <size>0x252</size>
         <input_file_ref idref="fl-d1"/>
      </object_component>
      <object_component id="oc-2b7">
         <name>.debug_info</name>
         <load_address>0xaa4a</load_address>
         <run_address>0xaa4a</run_address>
         <size>0x2cc</size>
         <input_file_ref idref="fl-d1"/>
      </object_component>
      <object_component id="oc-d6">
         <name>.debug_info</name>
         <load_address>0xad16</load_address>
         <run_address>0xad16</run_address>
         <size>0x28b</size>
         <input_file_ref idref="fl-d1"/>
      </object_component>
      <object_component id="oc-168">
         <name>.debug_info</name>
         <load_address>0xafa1</load_address>
         <run_address>0xafa1</run_address>
         <size>0x24d</size>
         <input_file_ref idref="fl-d1"/>
      </object_component>
      <object_component id="oc-2c9">
         <name>.debug_info</name>
         <load_address>0xb1ee</load_address>
         <run_address>0xb1ee</run_address>
         <size>0x23f</size>
         <input_file_ref idref="fl-d1"/>
      </object_component>
      <object_component id="oc-2b1">
         <name>.debug_info</name>
         <load_address>0xb42d</load_address>
         <run_address>0xb42d</run_address>
         <size>0x241</size>
         <input_file_ref idref="fl-d1"/>
      </object_component>
      <object_component id="oc-2c3">
         <name>.debug_info</name>
         <load_address>0xb66e</load_address>
         <run_address>0xb66e</run_address>
         <size>0x2cd</size>
         <input_file_ref idref="fl-d1"/>
      </object_component>
      <object_component id="oc-201">
         <name>.debug_info</name>
         <load_address>0xb93b</load_address>
         <run_address>0xb93b</run_address>
         <size>0x298</size>
         <input_file_ref idref="fl-d3"/>
      </object_component>
      <object_component id="oc-187">
         <name>.debug_info</name>
         <load_address>0xbbd3</load_address>
         <run_address>0xbbd3</run_address>
         <size>0x14d</size>
         <input_file_ref idref="fl-d3"/>
      </object_component>
      <object_component id="oc-fc">
         <name>.debug_info</name>
         <load_address>0xbd20</load_address>
         <run_address>0xbd20</run_address>
         <size>0x2b5</size>
         <input_file_ref idref="fl-d3"/>
      </object_component>
      <object_component id="oc-26a">
         <name>.debug_info</name>
         <load_address>0xbfd5</load_address>
         <run_address>0xbfd5</run_address>
         <size>0x5f</size>
         <input_file_ref idref="fl-d3"/>
      </object_component>
      <object_component id="oc-352">
         <name>.debug_info</name>
         <load_address>0xc034</load_address>
         <run_address>0xc034</run_address>
         <size>0x19d</size>
         <input_file_ref idref="fl-d4"/>
      </object_component>
      <object_component id="oc-2ea">
         <name>.debug_info</name>
         <load_address>0xc1d1</load_address>
         <run_address>0xc1d1</run_address>
         <size>0x261</size>
         <input_file_ref idref="fl-d4"/>
      </object_component>
      <object_component id="oc-2f0">
         <name>.debug_info</name>
         <load_address>0xc432</load_address>
         <run_address>0xc432</run_address>
         <size>0x227</size>
         <input_file_ref idref="fl-d4"/>
      </object_component>
      <object_component id="oc-2f6">
         <name>.debug_info</name>
         <load_address>0xc659</load_address>
         <run_address>0xc659</run_address>
         <size>0x221</size>
         <input_file_ref idref="fl-d4"/>
      </object_component>
      <object_component id="oc-349">
         <name>.debug_info</name>
         <load_address>0xc87a</load_address>
         <run_address>0xc87a</run_address>
         <size>0x223</size>
         <input_file_ref idref="fl-d5"/>
      </object_component>
      <object_component id="oc-2d0">
         <name>.debug_info</name>
         <load_address>0xca9d</load_address>
         <run_address>0xca9d</run_address>
         <size>0x296</size>
         <input_file_ref idref="fl-d5"/>
      </object_component>
      <object_component id="oc-166">
         <name>.debug_info</name>
         <load_address>0xcd33</load_address>
         <run_address>0xcd33</run_address>
         <size>0x227</size>
         <input_file_ref idref="fl-d6"/>
      </object_component>
      <object_component id="oc-eb">
         <name>.debug_info</name>
         <load_address>0xcf5a</load_address>
         <run_address>0xcf5a</run_address>
         <size>0x28d</size>
         <input_file_ref idref="fl-d6"/>
      </object_component>
      <object_component id="oc-279">
         <name>.debug_info</name>
         <load_address>0xd1e7</load_address>
         <run_address>0xd1e7</run_address>
         <size>0x291</size>
         <input_file_ref idref="fl-d6"/>
      </object_component>
      <object_component id="oc-3a0">
         <name>.debug_info</name>
         <load_address>0xd478</load_address>
         <run_address>0xd478</run_address>
         <size>0x8f</size>
      </object_component>
      <object_component id="oc-1fc">
         <name>.debug_line</name>
         <load_address>0x0</load_address>
         <run_address>0x0</run_address>
         <size>0x9b</size>
         <input_file_ref idref="fl-1"/>
      </object_component>
      <object_component id="oc-1fe">
         <name>.debug_line</name>
         <load_address>0x9b</load_address>
         <run_address>0x9b</run_address>
         <size>0x35</size>
         <input_file_ref idref="fl-1"/>
      </object_component>
      <object_component id="oc-171">
         <name>.debug_line</name>
         <load_address>0xd0</load_address>
         <run_address>0xd0</run_address>
         <size>0x6e</size>
         <input_file_ref idref="fl-1"/>
      </object_component>
      <object_component id="oc-f5">
         <name>.debug_line</name>
         <load_address>0x13e</load_address>
         <run_address>0x13e</run_address>
         <size>0xe4</size>
         <input_file_ref idref="fl-1"/>
      </object_component>
      <object_component id="oc-10b">
         <name>.debug_line</name>
         <load_address>0x222</load_address>
         <run_address>0x222</run_address>
         <size>0x71</size>
         <input_file_ref idref="fl-1"/>
      </object_component>
      <object_component id="oc-84">
         <name>.debug_line</name>
         <load_address>0x293</load_address>
         <run_address>0x293</run_address>
         <size>0x20</size>
         <input_file_ref idref="fl-1"/>
      </object_component>
      <object_component id="oc-163">
         <name>.debug_line</name>
         <load_address>0x2b3</load_address>
         <run_address>0x2b3</run_address>
         <size>0x75</size>
         <input_file_ref idref="fl-1"/>
      </object_component>
      <object_component id="oc-e8">
         <name>.debug_line</name>
         <load_address>0x328</load_address>
         <run_address>0x328</run_address>
         <size>0x72</size>
         <input_file_ref idref="fl-1"/>
      </object_component>
      <object_component id="oc-159">
         <name>.debug_line</name>
         <load_address>0x39a</load_address>
         <run_address>0x39a</run_address>
         <size>0x6d</size>
         <input_file_ref idref="fl-1"/>
      </object_component>
      <object_component id="oc-206">
         <name>.debug_line</name>
         <load_address>0x407</load_address>
         <run_address>0x407</run_address>
         <size>0x44</size>
         <input_file_ref idref="fl-2"/>
      </object_component>
      <object_component id="oc-20c">
         <name>.debug_line</name>
         <load_address>0x44b</load_address>
         <run_address>0x44b</run_address>
         <size>0x5c</size>
         <input_file_ref idref="fl-2"/>
      </object_component>
      <object_component id="oc-212">
         <name>.debug_line</name>
         <load_address>0x4a7</load_address>
         <run_address>0x4a7</run_address>
         <size>0x57</size>
         <input_file_ref idref="fl-2"/>
      </object_component>
      <object_component id="oc-218">
         <name>.debug_line</name>
         <load_address>0x4fe</load_address>
         <run_address>0x4fe</run_address>
         <size>0x52</size>
         <input_file_ref idref="fl-2"/>
      </object_component>
      <object_component id="oc-21e">
         <name>.debug_line</name>
         <load_address>0x550</load_address>
         <run_address>0x550</run_address>
         <size>0x98</size>
         <input_file_ref idref="fl-2"/>
      </object_component>
      <object_component id="oc-224">
         <name>.debug_line</name>
         <load_address>0x5e8</load_address>
         <run_address>0x5e8</run_address>
         <size>0x5a</size>
         <input_file_ref idref="fl-2"/>
      </object_component>
      <object_component id="oc-22a">
         <name>.debug_line</name>
         <load_address>0x642</load_address>
         <run_address>0x642</run_address>
         <size>0x81</size>
         <input_file_ref idref="fl-2"/>
      </object_component>
      <object_component id="oc-230">
         <name>.debug_line</name>
         <load_address>0x6c3</load_address>
         <run_address>0x6c3</run_address>
         <size>0x4d</size>
         <input_file_ref idref="fl-2"/>
      </object_component>
      <object_component id="oc-236">
         <name>.debug_line</name>
         <load_address>0x710</load_address>
         <run_address>0x710</run_address>
         <size>0x46</size>
         <input_file_ref idref="fl-2"/>
      </object_component>
      <object_component id="oc-19e">
         <name>.debug_line</name>
         <load_address>0x756</load_address>
         <run_address>0x756</run_address>
         <size>0x4f</size>
         <input_file_ref idref="fl-2"/>
      </object_component>
      <object_component id="oc-14c">
         <name>.debug_line</name>
         <load_address>0x7a5</load_address>
         <run_address>0x7a5</run_address>
         <size>0x20</size>
         <input_file_ref idref="fl-2"/>
      </object_component>
      <object_component id="oc-15f">
         <name>.debug_line</name>
         <load_address>0x7c5</load_address>
         <run_address>0x7c5</run_address>
         <size>0x2d</size>
         <input_file_ref idref="fl-3"/>
      </object_component>
      <object_component id="oc-132">
         <name>.debug_line</name>
         <load_address>0x7f2</load_address>
         <run_address>0x7f2</run_address>
         <size>0x4f</size>
         <input_file_ref idref="fl-3"/>
      </object_component>
      <object_component id="oc-4c">
         <name>.debug_line</name>
         <load_address>0x841</load_address>
         <run_address>0x841</run_address>
         <size>0x3f</size>
         <input_file_ref idref="fl-3"/>
      </object_component>
      <object_component id="oc-76">
         <name>.debug_line</name>
         <load_address>0x880</load_address>
         <run_address>0x880</run_address>
         <size>0x3f</size>
         <input_file_ref idref="fl-3"/>
      </object_component>
      <object_component id="oc-70">
         <name>.debug_line</name>
         <load_address>0x8bf</load_address>
         <run_address>0x8bf</run_address>
         <size>0x3f</size>
         <input_file_ref idref="fl-3"/>
      </object_component>
      <object_component id="oc-6a">
         <name>.debug_line</name>
         <load_address>0x8fe</load_address>
         <run_address>0x8fe</run_address>
         <size>0x3f</size>
         <input_file_ref idref="fl-3"/>
      </object_component>
      <object_component id="oc-5e">
         <name>.debug_line</name>
         <load_address>0x93d</load_address>
         <run_address>0x93d</run_address>
         <size>0x3f</size>
         <input_file_ref idref="fl-3"/>
      </object_component>
      <object_component id="oc-58">
         <name>.debug_line</name>
         <load_address>0x97c</load_address>
         <run_address>0x97c</run_address>
         <size>0x3f</size>
         <input_file_ref idref="fl-3"/>
      </object_component>
      <object_component id="oc-52">
         <name>.debug_line</name>
         <load_address>0x9bb</load_address>
         <run_address>0x9bb</run_address>
         <size>0x43</size>
         <input_file_ref idref="fl-3"/>
      </object_component>
      <object_component id="oc-40">
         <name>.debug_line</name>
         <load_address>0x9fe</load_address>
         <run_address>0x9fe</run_address>
         <size>0x42</size>
         <input_file_ref idref="fl-3"/>
      </object_component>
      <object_component id="oc-64">
         <name>.debug_line</name>
         <load_address>0xa40</load_address>
         <run_address>0xa40</run_address>
         <size>0x6e</size>
         <input_file_ref idref="fl-3"/>
      </object_component>
      <object_component id="oc-46">
         <name>.debug_line</name>
         <load_address>0xaae</load_address>
         <run_address>0xaae</run_address>
         <size>0x6c</size>
         <input_file_ref idref="fl-3"/>
      </object_component>
      <object_component id="oc-107">
         <name>.debug_line</name>
         <load_address>0xb1a</load_address>
         <run_address>0xb1a</run_address>
         <size>0x34</size>
         <input_file_ref idref="fl-4"/>
      </object_component>
      <object_component id="oc-79">
         <name>.debug_line</name>
         <load_address>0xb4e</load_address>
         <run_address>0xb4e</run_address>
         <size>0x34</size>
         <input_file_ref idref="fl-4"/>
      </object_component>
      <object_component id="oc-28">
         <name>.debug_line</name>
         <load_address>0xb82</load_address>
         <run_address>0xb82</run_address>
         <size>0x46</size>
         <input_file_ref idref="fl-4"/>
      </object_component>
      <object_component id="oc-2e">
         <name>.debug_line</name>
         <load_address>0xbc8</load_address>
         <run_address>0xbc8</run_address>
         <size>0x49</size>
         <input_file_ref idref="fl-4"/>
      </object_component>
      <object_component id="oc-3a">
         <name>.debug_line</name>
         <load_address>0xc11</load_address>
         <run_address>0xc11</run_address>
         <size>0x49</size>
         <input_file_ref idref="fl-4"/>
      </object_component>
      <object_component id="oc-34">
         <name>.debug_line</name>
         <load_address>0xc5a</load_address>
         <run_address>0xc5a</run_address>
         <size>0x49</size>
         <input_file_ref idref="fl-4"/>
      </object_component>
      <object_component id="oc-1ee">
         <name>.debug_line</name>
         <load_address>0xca3</load_address>
         <run_address>0xca3</run_address>
         <size>0x20</size>
         <input_file_ref idref="fl-5"/>
      </object_component>
      <object_component id="oc-31e">
         <name>.debug_line</name>
         <load_address>0xcc3</load_address>
         <run_address>0xcc3</run_address>
         <size>0x55</size>
         <input_file_ref idref="fl-5"/>
      </object_component>
      <object_component id="oc-369">
         <name>.debug_line</name>
         <load_address>0xd18</load_address>
         <run_address>0xd18</run_address>
         <size>0x55</size>
         <input_file_ref idref="fl-5"/>
      </object_component>
      <object_component id="oc-367">
         <name>.debug_line</name>
         <load_address>0xd6d</load_address>
         <run_address>0xd6d</run_address>
         <size>0x55</size>
         <input_file_ref idref="fl-5"/>
      </object_component>
      <object_component id="oc-1e5">
         <name>.debug_line</name>
         <load_address>0xdc2</load_address>
         <run_address>0xdc2</run_address>
         <size>0x85</size>
         <input_file_ref idref="fl-5"/>
      </object_component>
      <object_component id="oc-152">
         <name>.debug_line</name>
         <load_address>0xe47</load_address>
         <run_address>0xe47</run_address>
         <size>0x18a</size>
         <input_file_ref idref="fl-5"/>
      </object_component>
      <object_component id="oc-d3">
         <name>.debug_line</name>
         <load_address>0xfd1</load_address>
         <run_address>0xfd1</run_address>
         <size>0x6c</size>
         <input_file_ref idref="fl-5"/>
      </object_component>
      <object_component id="oc-320">
         <name>.debug_line</name>
         <load_address>0x103d</load_address>
         <run_address>0x103d</run_address>
         <size>0xb0</size>
         <input_file_ref idref="fl-5"/>
      </object_component>
      <object_component id="oc-282">
         <name>.debug_line</name>
         <load_address>0x10ed</load_address>
         <run_address>0x10ed</run_address>
         <size>0x76</size>
         <input_file_ref idref="fl-5"/>
      </object_component>
      <object_component id="oc-1eb">
         <name>.debug_line</name>
         <load_address>0x1163</load_address>
         <run_address>0x1163</run_address>
         <size>0x5b</size>
         <input_file_ref idref="fl-c0"/>
      </object_component>
      <object_component id="oc-197">
         <name>.debug_line</name>
         <load_address>0x11be</load_address>
         <run_address>0x11be</run_address>
         <size>0x9e</size>
         <input_file_ref idref="fl-c1"/>
      </object_component>
      <object_component id="oc-96">
         <name>.debug_line</name>
         <load_address>0x125c</load_address>
         <run_address>0x125c</run_address>
         <size>0x4f</size>
         <input_file_ref idref="fl-c1"/>
      </object_component>
      <object_component id="oc-11f">
         <name>.debug_line</name>
         <load_address>0x12ab</load_address>
         <run_address>0x12ab</run_address>
         <size>0x34</size>
         <input_file_ref idref="fl-c1"/>
      </object_component>
      <object_component id="oc-194">
         <name>.debug_line</name>
         <load_address>0x12df</load_address>
         <run_address>0x12df</run_address>
         <size>0x8a</size>
         <input_file_ref idref="fl-c1"/>
      </object_component>
      <object_component id="oc-11a">
         <name>.debug_line</name>
         <load_address>0x1369</load_address>
         <run_address>0x1369</run_address>
         <size>0x20</size>
         <input_file_ref idref="fl-c2"/>
      </object_component>
      <object_component id="oc-1c">
         <name>.debug_line</name>
         <load_address>0x1389</load_address>
         <run_address>0x1389</run_address>
         <size>0x55</size>
         <input_file_ref idref="fl-c2"/>
      </object_component>
      <object_component id="oc-8f">
         <name>.debug_line</name>
         <load_address>0x13de</load_address>
         <run_address>0x13de</run_address>
         <size>0x3a</size>
         <input_file_ref idref="fl-c2"/>
      </object_component>
      <object_component id="oc-117">
         <name>.debug_line</name>
         <load_address>0x1418</load_address>
         <run_address>0x1418</run_address>
         <size>0x8a</size>
         <input_file_ref idref="fl-c2"/>
      </object_component>
      <object_component id="oc-190">
         <name>.debug_line</name>
         <load_address>0x14a2</load_address>
         <run_address>0x14a2</run_address>
         <size>0x20</size>
         <input_file_ref idref="fl-c3"/>
      </object_component>
      <object_component id="oc-16">
         <name>.debug_line</name>
         <load_address>0x14c2</load_address>
         <run_address>0x14c2</run_address>
         <size>0xa9</size>
         <input_file_ref idref="fl-c3"/>
      </object_component>
      <object_component id="oc-7f">
         <name>.debug_line</name>
         <load_address>0x156b</load_address>
         <run_address>0x156b</run_address>
         <size>0x3a</size>
         <input_file_ref idref="fl-c3"/>
      </object_component>
      <object_component id="oc-18d">
         <name>.debug_line</name>
         <load_address>0x15a5</load_address>
         <run_address>0x15a5</run_address>
         <size>0x92</size>
         <input_file_ref idref="fl-c3"/>
      </object_component>
      <object_component id="oc-110">
         <name>.debug_line</name>
         <load_address>0x1637</load_address>
         <run_address>0x1637</run_address>
         <size>0x8e</size>
         <input_file_ref idref="fl-c3"/>
      </object_component>
      <object_component id="oc-b7">
         <name>.debug_line</name>
         <load_address>0x16c5</load_address>
         <run_address>0x16c5</run_address>
         <size>0x33</size>
         <input_file_ref idref="fl-c4"/>
      </object_component>
      <object_component id="oc-a8">
         <name>.debug_line</name>
         <load_address>0x16f8</load_address>
         <run_address>0x16f8</run_address>
         <size>0x56</size>
         <input_file_ref idref="fl-c4"/>
      </object_component>
      <object_component id="oc-1a5">
         <name>.debug_line</name>
         <load_address>0x174e</load_address>
         <run_address>0x174e</run_address>
         <size>0x3c</size>
         <input_file_ref idref="fl-c5"/>
      </object_component>
      <object_component id="oc-264">
         <name>.debug_line</name>
         <load_address>0x178a</load_address>
         <run_address>0x178a</run_address>
         <size>0x37</size>
         <input_file_ref idref="fl-c8"/>
      </object_component>
      <object_component id="oc-8a">
         <name>.debug_line</name>
         <load_address>0x17c1</load_address>
         <run_address>0x17c1</run_address>
         <size>0x88</size>
         <input_file_ref idref="fl-ca"/>
      </object_component>
      <object_component id="oc-30b">
         <name>.debug_line</name>
[...]
         <unused_space>0x7e8f</unused_space>
         <attributes>RWX</attributes>
         <usage_details>
            <allocated_space>
               <start_address>0x20000000</start_address>
               <size>0x100</size>
               <logical_group_ref idref="lg-d"/>
            </allocated_space>
            <allocated_space>
               <start_address>0x20000100</start_address>
               <size>0x39</size>
               <logical_group_ref idref="lg-a"/>
            </allocated_space>
            <available_space>
               <start_address>0x20000139</start_address>
               <size>0x3</size>
            </available_space>
            <allocated_space>
               <start_address>0x2000013c</start_address>
               <size>0x38</size>
               <logical_group_ref idref="lg-b"/>
            </allocated_space>
            <available_space>
               <start_address>0x20000174</start_address>
               <size>0x7e8c</size>
            </available_space>
         </usage_details>
      </memory_area>
   </placement_map>
   <cptbl_list>
      <cptbl>
         <name>__TI_cinit_table</name>
         <cprec>
            <name>.data</name>
            <load_address>0x1a00</load_address>
            <load_size>0x1b</load_size>
            <run_address>0x20000100</run_address>
            <run_size>0x39</run_size>
            <compression>lzss</compression>
         </cprec>
         <cprec>
            <name>.bss</name>
            <load_address>0x1a28</load_address>
            <load_size>0x8</load_size>
            <run_address>0x2000013c</run_address>
            <run_size>0x38</run_size>
            <compression>zero_init</compression>
         </cprec>
      </cptbl>
   </cptbl_list>
   <handler_table>
      <handler_table_name>__TI_handler_table</handler_table_name>
      <handler>
         <index>0x0</index>
         <name>__TI_decompress_lzss</name>
      </handler>
      <handler>
         <index>0x1</index>
         <name>__TI_decompress_none</name>
      </handler>
      <handler>
         <index>0x2</index>
         <name>__TI_zero_init</name>
      </handler>
   </handler_table>
   <symbol_table>
      <symbol id="sm-1">
         <name>__STACK_TOP</name>
         <value>0x20000100</value>
      </symbol>
      <symbol id="sm-2">
         <name>__TI_CINIT_Base</name>
         <value>0x1a30</value>
      </symbol>
      <symbol id="sm-3">
         <name>__TI_CINIT_Limit</name>
         <value>0x1a40</value>
      </symbol>
      <symbol id="sm-4">
         <name>__TI_Handler_Table_Base</name>
         <value>0x1a1c</value>
      </symbol>
      <symbol id="sm-5">
         <name>__TI_Handler_Table_Limit</name>
         <value>0x1a28</value>
      </symbol>
      <symbol id="sm-6">
         <name>binit</name>
         <value>0xffffffff</value>
      </symbol>
      <symbol id="sm-7">
         <name>__binit__</name>
         <value>0xffffffff</value>
      </symbol>
      <symbol id="sm-8">
         <name>__STACK_SIZE</name>
         <value>0x100</value>
      </symbol>
      <symbol id="sm-9">
         <name>__STACK_END</name>
         <value>0x20000100</value>
      </symbol>
      <symbol id="sm-a">
         <name>__c_args__</name>
         <value>0xffffffff</value>
      </symbol>
      <symbol id="sm-b">
         <name>__TI_pprof_out_hndl</name>
         <value>0xffffffff</value>
      </symbol>
      <symbol id="sm-c">
         <name>__TI_prof_data_start</name>
         <value>0xffffffff</value>
      </symbol>
      <symbol id="sm-d">
         <name>__TI_prof_data_size</name>
         <value>0xffffffff</value>
      </symbol>
      <symbol id="sm-7f">
         <name>rPos_l</name>
         <value>0x2000016c</value>
      </symbol>
      <symbol id="sm-80">
         <name>Err_l</name>
         <value>0x2000013c</value>
      </symbol>
      <symbol id="sm-81">
         <name>pre_err_l</name>
         <value>0x20000164</value>
      </symbol>
      <symbol id="sm-82">
         <name>pPart_l</name>
         <value>0x2000015c</value>
      </symbol>
      <symbol id="sm-83">
         <name>dPart_l</name>
         <value>0x20000144</value>
      </symbol>
      <symbol id="sm-84">
         <name>iPart_l</name>
         <value>0x2000014c</value>
      </symbol>
      <symbol id="sm-85">
         <name>output_l</name>
         <value>0x20000154</value>
      </symbol>
      <symbol id="sm-86">
         <name>rPos_r</name>
         <value>0x20000170</value>
      </symbol>
      <symbol id="sm-87">
         <name>Err_r</name>
         <value>0x20000140</value>
      </symbol>
      <symbol id="sm-88">
         <name>pre_err_r</name>
         <value>0x20000168</value>
      </symbol>
      <symbol id="sm-89">
         <name>pPart_r</name>
         <value>0x20000160</value>
      </symbol>
      <symbol id="sm-8a">
         <name>dPart_r</name>
         <value>0x20000148</value>
      </symbol>
      <symbol id="sm-8b">
         <name>iPart_r</name>
         <value>0x20000150</value>
      </symbol>
      <symbol id="sm-8c">
         <name>output_r</name>
         <value>0x20000158</value>
      </symbol>
      <symbol id="sm-8d">
         <name>kd_r</name>
         <value>0x20000130</value>
         <object_component_ref idref="oc-178"/>
      </symbol>
      <symbol id="sm-8e">
         <name>kd_l</name>
         <value>0x20000124</value>
         <object_component_ref idref="oc-178"/>
      </symbol>
      <symbol id="sm-8f">
         <name>PIDPos</name>
         <value>0xb4d</value>
         <object_component_ref idref="oc-f1"/>
      </symbol>
      <symbol id="sm-90">
         <name>MotorController</name>
         <value>0x117d</value>
         <object_component_ref idref="oc-16d"/>
      </symbol>
      <symbol id="sm-91">
         <name>ki_r</name>
         <value>0x2000012c</value>
         <object_component_ref idref="oc-178"/>
      </symbol>
      <symbol id="sm-92">
         <name>ki_l</name>
         <value>0x20000120</value>
         <object_component_ref idref="oc-178"/>
      </symbol>
      <symbol id="sm-93">
         <name>kp_r</name>
         <value>0x20000128</value>
         <object_component_ref idref="oc-178"/>
      </symbol>
      <symbol id="sm-94">
         <name>kp_l</name>
         <value>0x2000011c</value>
         <object_component_ref idref="oc-178"/>
      </symbol>
      <symbol id="sm-12d">
         <name>cfg_timer</name>
         <value>0x851</value>
         <object_component_ref idref="oc-226"/>
      </symbol>
      <symbol id="sm-12e">
         <name>cfg_peripheral</name>
         <value>0xd81</value>
         <object_component_ref idref="oc-208"/>
      </symbol>
      <symbol id="sm-12f">
         <name>cfg_qei</name>
         <value>0xe69</value>
         <object_component_ref idref="oc-220"/>
      </symbol>
      <symbol id="sm-130">
         <name>cfg_interrupt</name>
         <value>0x1375</value>
         <object_component_ref idref="oc-22c"/>
      </symbol>
      <symbol id="sm-131">
         <name>cfg_clock</name>
         <value>0x1701</value>
         <object_component_ref idref="oc-202"/>
      </symbol>
      <symbol id="sm-132">
         <name>init</name>
         <value>0x1499</value>
         <object_component_ref idref="oc-19a"/>
      </symbol>
      <symbol id="sm-133">
         <name>cfg_uart</name>
         <value>0x26d</value>
         <object_component_ref idref="oc-214"/>
      </symbol>
      <symbol id="sm-134">
         <name>cfg_systick</name>
         <value>0x1719</value>
         <object_component_ref idref="oc-232"/>
      </symbol>
      <symbol id="sm-135">
         <name>cfg_pwm</name>
         <value>0x671</value>
         <object_component_ref idref="oc-21a"/>
      </symbol>
      <symbol id="sm-136">
         <name>cfg_port</name>
         <value>0x1059</value>
         <object_component_ref idref="oc-20e"/>
      </symbol>
      <symbol id="sm-1ce">
         <name>SysTickIntHandler</name>
         <value>0x1601</value>
         <object_component_ref idref="oc-3c"/>
      </symbol>
      <symbol id="sm-1cf">
         <name>dk1</name>
         <value>0x20000110</value>
         <object_component_ref idref="oc-e1"/>
      </symbol>
      <symbol id="sm-1d0">
         <name>dk0</name>
         <value>0x2000010c</value>
         <object_component_ref idref="oc-e1"/>
      </symbol>
      <symbol id="sm-1d1">
         <name>UART0IntHandler</name>
         <value>0x1815</value>
         <object_component_ref idref="oc-48"/>
      </symbol>
      <symbol id="sm-1d2">
         <name>mycount</name>
         <value>0x20000114</value>
         <object_component_ref idref="oc-e1"/>
      </symbol>
      <symbol id="sm-1d3">
         <name>main</name>
         <value>0x1585</value>
         <object_component_ref idref="oc-12e"/>
      </symbol>
      <symbol id="sm-1d4">
         <name>PortDIntHandler</name>
         <value>0xfc5</value>
         <object_component_ref idref="oc-42"/>
      </symbol>
      <symbol id="sm-1d5">
         <name>por</name>
         <value>0x20000104</value>
         <object_component_ref idref="oc-e1"/>
      </symbol>
      <symbol id="sm-1d6">
         <name>pol</name>
         <value>0x20000100</value>
         <object_component_ref idref="oc-e1"/>
      </symbol>
      <symbol id="sm-1d7">
         <name>PortFIntHandler</name>
         <value>0x10ed</value>
         <object_component_ref idref="oc-60"/>
      </symbol>
      <symbol id="sm-1d8">
         <name>mode</name>
         <value>0x20000118</value>
         <object_component_ref idref="oc-e1"/>
      </symbol>
      <symbol id="sm-1d9">
         <name>count</name>
         <value>0x20000108</value>
         <object_component_ref idref="oc-e1"/>
      </symbol>
      <symbol id="sm-1da">
         <name>Timer4IntHandler</name>
         <value>0x1695</value>
         <object_component_ref idref="oc-6c"/>
      </symbol>
      <symbol id="sm-1db">
         <name>Timer5IntHandler</name>
         <value>0x16b1</value>
         <object_component_ref idref="oc-72"/>
      </symbol>
      <symbol id="sm-1dc">
         <name>Timer2IntHandler</name>
         <value>0x165d</value>
         <object_component_ref idref="oc-5a"/>
      </symbol>
      <symbol id="sm-1dd">
         <name>Timer3IntHandler</name>
         <value>0x1679</value>
         <object_component_ref idref="oc-66"/>
      </symbol>
      <symbol id="sm-1de">
         <name>Timer0IntHandler</name>
         <value>0x1555</value>
         <object_component_ref idref="oc-4e"/>
      </symbol>
      <symbol id="sm-1df">
         <name>Timer1IntHandler</name>
         <value>0x1641</value>
         <object_component_ref idref="oc-54"/>
      </symbol>
      <symbol id="sm-210">
         <name>ResetISR</name>
         <value>0x1851</value>
         <object_component_ref idref="oc-24"/>
      </symbol>
      <symbol id="sm-211">
         <name>g_pfnVectors</name>
         <value>0x0</value>
         <object_component_ref idref="oc-f"/>
      </symbol>
      <symbol id="sm-27f">
         <name>UARTStdioConfig</name>
         <value>0x12bd</value>
         <object_component_ref idref="oc-27e"/>
      </symbol>
      <symbol id="sm-280">
         <name>UARTwrite</name>
         <value>0x140d</value>
         <object_component_ref idref="oc-1e1"/>
      </symbol>
      <symbol id="sm-281">
         <name>UARTprintf</name>
         <value>0x16cd</value>
         <object_component_ref idref="oc-cf"/>
      </symbol>
      <symbol id="sm-282">
         <name>UARTvprintf</name>
         <value>0x485</value>
         <object_component_ref idref="oc-14e"/>
      </symbol>
      <symbol id="sm-291">
         <name>__aeabi_uidivmod</name>
         <value>0x14dd</value>
         <object_component_ref idref="oc-1e7"/>
      </symbol>
      <symbol id="sm-292">
         <name>__aeabi_uidiv</name>
         <value>0x14dd</value>
         <object_component_ref idref="oc-1e7"/>
      </symbol>
      <symbol id="sm-2ab">
         <name>__TI_zero_init_nomemset</name>
         <value>0x178f</value>
         <object_component_ref idref="oc-92"/>
      </symbol>
      <symbol id="sm-2c2">
         <name>__TI_decompress_none</name>
         <value>0x17ed</value>
         <object_component_ref idref="oc-18"/>
      </symbol>
      <symbol id="sm-2e5">
         <name>__TI_decompress_lzss</name>
         <value>0x1255</value>
         <object_component_ref idref="oc-12"/>
      </symbol>
      <symbol id="sm-2f8">
         <name>__stack</name>
         <value>0x20000000</value>
         <object_component_ref idref="oc-21"/>
      </symbol>
      <symbol id="sm-2f9">
         <name>_c_int00_noargs</name>
         <value>0x151d</value>
         <object_component_ref idref="oc-a4"/>
      </symbol>
      <symbol id="sm-304">
         <name>C$$EXIT</name>
         <value>0x1879</value>
         <object_component_ref idref="oc-1a1"/>
      </symbol>
      <symbol id="sm-305">
         <name>abort</name>
         <value>0x1879</value>
         <object_component_ref idref="oc-1a1"/>
      </symbol>
      <symbol id="sm-311">
         <name>__aeabi_idiv0</name>
         <value>0x163f</value>
         <object_component_ref idref="oc-260"/>
      </symbol>
      <symbol id="sm-312">
         <name>__aeabi_ldiv0</name>
         <value>0x163f</value>
         <object_component_ref idref="oc-260"/>
      </symbol>
      <symbol id="sm-32e">
         <name>memcpy</name>
         <value>0xf29</value>
         <object_component_ref idref="oc-86"/>
      </symbol>
      <symbol id="sm-32f">
         <name>__aeabi_memcpy</name>
         <value>0xf29</value>
         <object_component_ref idref="oc-86"/>
      </symbol>
      <symbol id="sm-330">
         <name>__aeabi_memcpy8</name>
         <value>0xf29</value>
         <object_component_ref idref="oc-86"/>
      </symbol>
      <symbol id="sm-331">
         <name>__aeabi_memcpy4</name>
         <value>0xf29</value>
         <object_component_ref idref="oc-86"/>
      </symbol>
      <symbol id="sm-359">
         <name>__TI_auto_init_nobinit_nopinit</name>
         <value>0x1455</value>
         <object_component_ref idref="oc-1ad"/>
      </symbol>
      <symbol id="sm-363">
         <name>_system_pre_init</name>
         <value>0x1875</value>
         <object_component_ref idref="oc-128"/>
      </symbol>
      <symbol id="sm-3db">
         <name>GPIOPinTypePWM</name>
         <value>0x1759</value>
         <object_component_ref idref="oc-28b"/>
      </symbol>
      <symbol id="sm-3dc">
         <name>GPIOPinConfigure</name>
         <value>0x13c5</value>
         <object_component_ref idref="oc-285"/>
      </symbol>
      <symbol id="sm-3dd">
         <name>GPIOIntEnable</name>
         <value>0x17fb</value>
         <object_component_ref idref="oc-2d6"/>
      </symbol>
      <symbol id="sm-3de">
         <name>GPIOIntTypeSet</name>
         <value>0x131d</value>
         <object_component_ref idref="oc-2dc"/>
      </symbol>
      <symbol id="sm-3df">
         <name>GPIOIntClear</name>
         <value>0x183f</value>
         <object_component_ref idref="oc-db"/>
      </symbol>
      <symbol id="sm-3e0">
         <name>GPIOIntStatus</name>
         <value>0x17d1</value>
         <object_component_ref idref="oc-c9"/>
      </symbol>
      <symbol id="sm-3e1">
         <name>GPIOPinTypeGPIOOutput</name>
         <value>0x16e7</value>
         <object_component_ref idref="oc-271"/>
      </symbol>
      <symbol id="sm-3e2">
         <name>GPIOPinRead</name>
         <value>0x1845</value>
         <object_component_ref idref="oc-bc"/>
      </symbol>
      <symbol id="sm-3e3">
         <name>GPIODirModeSet</name>
         <value>0x15b5</value>
         <object_component_ref idref="oc-32a"/>
      </symbol>
      <symbol id="sm-3e4">
         <name>GPIOPinTypeQEI</name>
         <value>0x176b</value>
         <object_component_ref idref="oc-2aa"/>
      </symbol>
      <symbol id="sm-3e5">
         <name>GPIOPinWrite</name>
         <value>0x184b</value>
         <object_component_ref idref="oc-c2"/>
      </symbol>
      <symbol id="sm-3e6">
         <name>GPIOPadConfigSet</name>
         <value>0xa19</value>
         <object_component_ref idref="oc-324"/>
      </symbol>
      <symbol id="sm-40d">
         <name>IntEnable</name>
         <value>0x11ed</value>
         <object_component_ref idref="oc-2e2"/>
      </symbol>
      <symbol id="sm-43a">
         <name>PWMGenPeriodSet</name>
         <value>0x17a1</value>
         <object_component_ref idref="oc-297"/>
      </symbol>
      <symbol id="sm-43b">
         <name>PWMPulseWidthSet</name>
         <value>0x1621</value>
         <object_component_ref idref="oc-1f4"/>
      </symbol>
      <symbol id="sm-43c">
         <name>PWMOutputState</name>
         <value>0x177d</value>
         <object_component_ref idref="oc-2a3"/>
      </symbol>
      <symbol id="sm-43d">
         <name>PWMGenEnable</name>
         <value>0x1807</value>
         <object_component_ref idref="oc-29d"/>
      </symbol>
      <symbol id="sm-43e">
         <name>PWMGenConfigure</name>
         <value>0x15df</value>
         <object_component_ref idref="oc-291"/>
      </symbol>
      <symbol id="sm-47b">
         <name>QEIPositionGet</name>
         <value>0x1869</value>
         <object_component_ref idref="oc-167"/>
      </symbol>
      <symbol id="sm-47c">
         <name>QEIVelocityConfigure</name>
         <value>0x17b1</value>
         <object_component_ref idref="oc-2b6"/>
      </symbol>
      <symbol id="sm-47d">
         <name>QEIDisable</name>
         <value>0x1821</value>
         <object_component_ref idref="oc-2b0"/>
      </symbol>
      <symbol id="sm-47e">
         <name>QEIEnable</name>
         <value>0x182b</value>
         <object_component_ref idref="oc-2c8"/>
      </symbol>
      <symbol id="sm-47f">
         <name>QEIPositionSet</name>
         <value>0x186d</value>
         <object_component_ref idref="oc-d5"/>
      </symbol>
      <symbol id="sm-480">
         <name>QEIVelocityEnable</name>
         <value>0x1835</value>
         <object_component_ref idref="oc-2bc"/>
      </symbol>
      <symbol id="sm-481">
         <name>QEIConfigure</name>
         <value>0x17df</value>
         <object_component_ref idref="oc-2c2"/>
      </symbol>
      <symbol id="sm-4b4">
         <name>SysCtlDelay</name>
         <value>0x1857</value>
         <object_component_ref idref="oc-101"/>
      </symbol>
      <symbol id="sm-4b5">
         <name>SysCtlClockGet</name>
         <value>0xc71</value>
         <object_component_ref idref="oc-fb"/>
      </symbol>
      <symbol id="sm-4d8">
         <name>SysTickEnable</name>
         <value>0x1731</value>
         <object_component_ref idref="oc-2f5"/>
      </symbol>
      <symbol id="sm-4d9">
         <name>SysTickIntEnable</name>
         <value>0x1745</value>
         <object_component_ref idref="oc-2ef"/>
      </symbol>
      <symbol id="sm-4da">
         <name>SysTickPeriodSet</name>
         <value>0x17c1</value>
         <object_component_ref idref="oc-2e9"/>
      </symbol>
      <symbol id="sm-4e7">
         <name>TimerClockSourceSet</name>
         <value>0x185d</value>
         <object_component_ref idref="oc-2cf"/>
      </symbol>
      <symbol id="sm-4fc">
         <name>UARTClockSourceSet</name>
         <value>0x1863</value>
         <object_component_ref idref="oc-278"/>
      </symbol>
      <symbol id="sm-4fd">
         <name>UARTIntClear</name>
         <value>0x1871</value>
         <object_component_ref idref="oc-ea"/>
      </symbol>
      <symbol id="sm-4ff">
         <name>__TI_static_base__</name>
         <value>0x0</value>
      </symbol>
      <symbol id="sm-502">
         <name>__mpu_init</name>
         <value>0x0</value>
      </symbol>
      <symbol id="sm-503">
         <name>_system_post_cinit</name>
         <value>0x0</value>
      </symbol>
   </symbol_table>
   <title>Link successful</title>
</link_info>
